[www.xvideos.com/index3ba3.html]
[backblue.gif]
[fade.gif]
[index.html]
[www.xvideos.com/manifest.json]
[www.xvideos.com/safari-pinned-tab.svg]
[www.xvideos.com/account.html]
[www.xvideos.com/index.html]
[www.xvideos.com/best/2026-03.html]
[www.xvideos.com/lang/deutsch.html]
[www.xvideos.com/c/AI-239.html]
[www.xvideos.com/indexf75f.html]
[www.xvideos.com/c/Amateur-65.html]
[www.xvideos.com/c/Anal-12.html]
[www.xvideos.com/c/Arab-159.html]
[www.xvideos.com/c/Asian_Woman-32.html]
[www.xvideos.com/c/ASMR-229.html]
[www.xvideos.com/c/Ass-14.html]
[www.xvideos.com/c/bbw-51.html]
[www.xvideos.com/c/Bi_Sexual-62.html]
[www.xvideos.com/c/Big_Ass-24.html]
[www.xvideos.com/c/Big_Cock-34.html]
[www.xvideos.com/c/Big_Tits-23.html]
[www.xvideos.com/c/Black_Woman-30.html]
[www.xvideos.com/c/Blonde-20.html]
[www.xvideos.com/c/Blowjob-15.html]
[www.xvideos.com/c/Brunette-25.html]
[www.xvideos.com/c/Cam_Porn-58.html]
[www.xvideos.com/c/Creampie-40.html]
[www.xvideos.com/index6759.html]
[www.xvideos.com/index4fc3.html]
[www.xvideos.com/indexe4e7.html]
[www.xvideos.com/c/Cuckold-237.html]
[www.xvideos.com/index801b.html]
[www.xvideos.com/c/Cumshot-18.html]
[www.xvideos.com/c/Femdom-235.html]
[www.xvideos.com/index898b.html]
[www.xvideos.com/indexd591.html]
[www.xvideos.com/indexb2cf.html]
[www.xvideos.com/c/Fisting-165.html]
[www.xvideos.com/c/Fucked_Up_Family-81.html]
[www.xvideos.com/c/Gangbang-69.html]
[www.xvideos.com/c/Gapes-167.html]
[www.xvideos.com/gayf058.html]
[www.xvideos.com/c/Indian-89.html]
[www.xvideos.com/index243a.html]
[www.xvideos.com/indexe489.html]
[www.xvideos.com/indexf537.html]
[www.xvideos.com/c/Interracial-27.html]
[www.xvideos.com/c/Latina-16.html]
[www.xvideos.com/c/Lesbian-26.html]
[www.xvideos.com/c/Lingerie-83.html]
[www.xvideos.com/c/Mature-38.html]
[www.xvideos.com/c/Milf-19.html]
[www.xvideos.com/c/Oiled-22.html]
[www.xvideos.com/index9e52.html]
[www.xvideos.com/c/Redhead-31.html]
[www.xvideos.com/indexea58.html]
[www.xvideos.com/indexa6f0.html]
[www.xvideos.com/indexb5d6.html]
[www.xvideos.com/shemalef058.html]
[www.xvideos.com/indexe5d4.html]
[www.xvideos.com/index59e6.html]
[www.xvideos.com/c/Solo_and_Masturbation-33.html]
[www.xvideos.com/index3fce.html]
[www.xvideos.com/c/Squirting-56.html]
[www.xvideos.com/c/Stockings-28.html]
[www.xvideos.com/c/Teen-13.html]
[www.xvideos.com/index5031.html]
[www.xvideos.com/indexbd8e.html]
[www.xvideos.com/tags.html]
[www.xvideos.com/channels-index.html]
[www.xvideos.com/pornstars-index.html]
[www.xvideos.com/profileslist.html]
[www.xvideos.com/videos-i-like.html]
[www.xvideos.com/my-feed.html]
[www.xvideos.com/index1d95.html]
[www.xvideos.com/pornstars/molly-little.html]
[www.xvideos.com/indexf7cb.html]
[www.xvideos.com/index4e2d.html]
[www.xvideos.com/indexd785.html]
[www.xvideos.com/index27d7.html]
[www.xvideos.com/indexe71a.html]
[www.xvideos.com/video.okvblvh1641/jax_slayher_mouthfucks_molly_little_while_holding_her_upside_down_.html]
[www.xvideos.com/index123a.html]
[www.xvideos.com/indexa7fc.html]
[www.xvideos.com/indexb0f4.html]
[www.xvideos.com/hussie_pass.html]
[www.xvideos.com/indexab5b.html]
[www.xvideos.com/index11db.html]
[www.xvideos.com/index0228.html]
[www.xvideos.com/indexc867.html]
[www.xvideos.com/video.ucvkhvb44c4/shocked_stepmom_catches_her_stepson_ploughing_a_tight_pink_18_yrs_old_pussy_-_familystrokes.html]
[www.xvideos.com/index1987.html]
[www.xvideos.com/index2527.html]
[www.xvideos.com/indexcc38.html]
[www.xvideos.com/familystrokes.html]
[www.xvideos.com/index8a5d.html]
[www.xvideos.com/indexbf83.html]
[www.xvideos.com/index055c.html]
[www.xvideos.com/indexa1a3.html]
[www.xvideos.com/video.upfiito34ec/molly_little_excitedly_says_to_stepbro_you_shot_it_right_in_my_face_-_s20_e3.html]
[www.xvideos.com/index744c.html]
[www.xvideos.com/indexd784.html]
[www.xvideos.com/indexc2b8.html]
[www.xvideos.com/index4281.html]
[www.xvideos.com/step-siblings-caught.html]
[www.xvideos.com/index9849.html]
[www.xvideos.com/index515e.html]
[www.xvideos.com/indexcf73.html]
[www.xvideos.com/index759d.html]
[www.xvideos.com/video.ulobpao1f76/fit18_-_little_-_flexible_tiny_kawaii_teen_gets_creampied_in_pov.html]
[www.xvideos.com/index560e.html]
[www.xvideos.com/indexe7e2.html]
[www.xvideos.com/index7709.html]
[www.xvideos.com/fit18com.html]
[www.xvideos.com/indexda28.html]
[www.xvideos.com/index3c15.html]
[www.xvideos.com/index1f6e.html]
[www.xvideos.com/index4b55.html]
[www.xvideos.com/index02ad.html]
[www.xvideos.com/indexfc3a.html]
[www.xvideos.com/index925e.html]
[www.xvideos.com/index3557.html]
[www.xvideos.com/video.udhobafa721/p-sluts_vol.html]
[www.xvideos.com/indexb689.html]
[www.xvideos.com/index5a21.html]
[www.xvideos.com/luisgonzo1.html]
[www.xvideos.com/video.otevpum2d94/blacked_petite_bbc_curious_cutie_little_offers_special_service.html]
[www.xvideos.com/blacked_com.html]
[www.xvideos.com/video.ufmhpldbd4c/clever_stepbro_has_scarlet_skies_and_molly_little_fighting_over_his_sticky_load_of_cum.html]
[www.xvideos.com/cumswappingsis.html]
[www.xvideos.com/video.okvbllhcf84/molly_little_struggles_to_handle_damion_dayski_s_footlong_cock_.html]
[www.xvideos.com/video.oubcettc96c/adonis_breeds_get_a_boner_for_molly_little_s_tongue_on_his_armpits_.html]
[www.xvideos.com/seehimnetwork.html]
[www.xvideos.com/video.ucpfuio2626/freeuse_household_-_it_s_that_time_of_the_month_so_the_virgin_18yrs_old_step-daughter_steps_in_-_enter_freeuse26_on_official_site_for_discount.html]
[www.xvideos.com/freeuse96.html]
[www.xvideos.com/video.uephokv168f/reality_kings_-_little_sneaks_the_gardener_off_for_some_fucking_then_her_stepmom_mandy_waters_joins_for_a_3some.html]
[www.xvideos.com/reality-kings-channel.html]
[www.xvideos.com/video.uvlpcuf5916/blacked_tiny_and_tight_is_shocked_by_jax_thick_bbc.html]
[www.xvideos.com/video.ifkpcub3e0b/jane_in_stepdaughter_and_stepdad_fuck_for_the_first_time.html]
[www.xvideos.com/barebackstudios.html]
[www.xvideos.com/video.uuohbol477b/cute_18_year_old_takes_a_big_facial_from_a_buy_she_just_met.html]
[www.xvideos.com/netvideogirls.html]
[www.xvideos.com/video.ubkdhak28ff/playing_secret_game_with_little_step_sister_-_little_-_family_therapy_-_alex_adams.html]
[www.xvideos.com/alex_adams.html]
[www.xvideos.com/video.ohuvcmkde43/naughty_stepsis_little_and_lana_smalls_invite_stepbro_to_beat_their_pinata_pussies.html]
[www.xvideos.com/princess-cum-1.html]
[www.xvideos.com/video.uafhhlvc1a8/lexi_lore_tells_little_just_admit_it_you_guys_wanna_fuck_-_s30_e2.html]
[www.xvideos.com/my-family-pies.html]
[www.xvideos.com/video.ohavmov478a/gorgeous_little_compilation.html]
[www.xvideos.com/xempireofficial.html]
[www.xvideos.com/video.ueacteb5461/little_train_new_asian_guy_or_new_guy_train_-_bananafever_amwf.html]
[www.xvideos.com/bananafever.html]
[www.xvideos.com/video.uiupthv6020/stepsis_molly_little_says_i_love_it_when_my_step_brother_makes_me_cum_.html]
[www.xvideos.com/video.uabuuidfff5/_man_up_rip_my_panties_off_right_now_and_take_me_little_dares_stepbro-_s28_e8.html]
[www.xvideos.com/brattysis.html]
[www.xvideos.com/video.uvbmtbb6e3d/_ehehmm_its_not_going_to_lick_itself_milf_katrina_colt_commands_swapson_-_s7_e5.html]
[www.xvideos.com/family-swap-xxx.html]
[www.xvideos.com/video.uiuombkc766/stepsis_molly_little_says_don_t_you_want_to_fuck_me_.html]
[www.xvideos.com/video.ucbhmuk1b60/deep_inside.html]
[www.xvideos.com/bangbros-network.html]
[www.xvideos.com/video.ooiuevucb47/editor_s_pick_compilation_compilation_ft.html]
[www.xvideos.com/teamskeet.html]
[www.xvideos.com/video.oubcmol83bf/hardx_-_top_10_hardcore_fuck_scenes_of_2025.html]
[www.xvideos.com/video.udaopdb9818/curvy_babes_cumpilation_ft_natasha_nice_jenna_starr_and_more_-_girlfriendsfilms.html]
[www.xvideos.com/girlfriendsfilmsofficial.html]
[www.xvideos.com/index3ba3.html]
[www.xvideos.com/safari-pinned-tab.svg]
[www.xvideos.com/rss/del.xml]
[www.xvideos.com/video.oooitkoa8dc/katerina_hartlova_teasing_gropers_on_a_crowded_bus_-_episode_1.html]
[www.xvideos.com/pleasegrope_me.html]
[www.xvideos.com/video.ooohvaed55b/beautiful_threesome_with_cumshots_inside_the_ass.html]
[www.xvideos.com/italianhotscout.html]
[www.xvideos.com/video.ooumeike817/maja_has_sex_in_an_old_train...html]
[www.xvideos.com/majameer.html]
[www.xvideos.com/video.ooipelve8a4/i_m_giving_my_girlfriend_lily_philipps_5_bbc_cocks_to_fuck_her_ass_and_pussy.html]
[www.xvideos.com/jesus_reyes_official.html]
[www.xvideos.com/video.ukmkbmmbacd/firsties_females_fuck_in_the_berlin_university_library.html]
[www.xvideos.com/ersties-de.html]
[www.xvideos.com/video.ooohiob7df0/he_came_twice_on_the_massage_table_-_handjob_and_blowjob.html]
[www.xvideos.com/evakeks_official.html]
[www.xvideos.com/video.ooutbfc5617/hot_milf_gets_fucked_and_creampied_by_her_pervy_old_neighbor_hans.html]
[www.xvideos.com/hornygrandpahans.html]
[www.xvideos.com/video.ipfcao673d/juliareaves-dirtymovie_-_dirty_movie_129_joana_roberts_-_full_movie_fingering_panties_group_sex_shav.html]
[www.xvideos.com/officialcontent.html]
[www.xvideos.com/video.ouehfaf5bf3/passionate_mutual_masturbation_closeup_with_bestie_with_big_tits_until_big_cumshot_-_programmerswife.html]
[www.xvideos.com/programmerswife.html]
[www.xvideos.com/video.ooumimh8100/let_me_give_you_a_prostate_massage_while_i_throat_your_cock_.html]
[www.xvideos.com/lavender_snowe_official.html]
[www.xvideos.com/video.ooutaaf6058/i_let_my_friend_breed_my_wife.html]
[www.xvideos.com/drilled7.html]
[www.xvideos.com/video.oohueot6615/perving_on_britsh_milf_cleaning_the_kitchen.html]
[www.xvideos.com/duncan_saint_official.html]
[www.xvideos.com/video.ouevaebefa5/first_time_pure_kitty_takes_big_fist_in_ass_-_master_class_by_valter_karo_part_1_.html]
[www.xvideos.com/myteenass.html]
[www.xvideos.com/video.ooipuuoaac0/my_step_cousin_is_so_cute_i_went_to_visit_her_and_couldn_t_resist_her_charm.html]
[www.xvideos.com/libriano50.html]
[www.xvideos.com/video.ooupfvb8906/busty_blonde_milf_gets_oiled_house_call_massage_from_young_therapist.html]
[www.xvideos.com/perfect_stroke_md.html]
[www.xvideos.com/video.oohtlidbc50/big_booty_slut_gets_hard_rough_dp_until_she_squirts_-_carmela_clutch_steve_rickz_alfie.html]
[www.xvideos.com/steve_rickz.html]
[www.xvideos.com/video.ooubaip171b/prettiest_streetwalker_sucks_cock_and_takes_a_load_of_cum_in_her_mouth.html]
[www.xvideos.com/mckenzie_gold.html]
[www.xvideos.com/video.oumbiiubc07/young_boy_fucks_hard_senora_fina_mature_milf_of_70_years_old_who_has_huge_boobs.html]
[www.xvideos.com/ladyspaincom.html]
[www.xvideos.com/video.ooicvmtf282/stepsister_has_sex_on_the_beach_big_creampie_.html]
[www.xvideos.com/la_bestia_y_la_bella2.html]
[www.xvideos.com/video.ooueudd17ca/i_just_asked_my_stepbrother_to_give_me_a_massage.html]
[www.xvideos.com/cherrymilly.html]
[www.xvideos.com/video.ooulupl57fa/best_black_pussy_fucked_and_filled.html]
[www.xvideos.com/kabbalish.html]
[www.xvideos.com/lolaxxmisa.html]
[www.xvideos.com/video.oivktkm67af/_starburst_sucking_litty_dick_from_the_side_.html]
[www.xvideos.com/litty_and_starbust.html]
[www.xvideos.com/video.uuoudbc8975/red_saree_mom_fucking_hardly_in_room_with_localboy_official_video_by_localsex31_.html]
[www.xvideos.com/localsex31.html]
[www.xvideos.com/tyjzxxseasgg.html]
[www.xvideos.com/josep4020.html]
[www.xvideos.com/sexyclick2.html]
[www.xvideos.com/video.ooivumb8cfc/big_cock_destroys_her_pussy.html]
[www.xvideos.com/wrecked.html]
[www.xvideos.com/video.umtfhhk66fe/real_life_futanari_-_hot_chicks_with_big_dicks.html]
[www.xvideos.com/futanari-xxx.html]
[www.xvideos.com/video.okmbcev3263/blonde_latina_getting_fucked_hard_on_all_fours_with_a_cock_in_her_greedy_little_ass.html]
[www.xvideos.com/gutoofficial1.html]
[www.xvideos.com/video.ooumkib3b1d/how_to_make_a_girl_squirt_-_step_by_step_-_squirting_orgasms_101.html]
[www.xvideos.com/jesstonysquirts.html]
[www.xvideos.com/video.oouevba0f4e/my_perverted_busty_young_stepmom_rides_me_mercilessly._couldn_t_last_a_second.html]
[www.xvideos.com/shirley_musk.html]
[www.xvideos.com/video.ouleifo4af7/public_pickup_-_skinny_brunette_agrees_to_a_hearty_lunch_and_glorious_sex.html]
[www.xvideos.com/katty_west_official.html]
[www.xvideos.com/video.oooiivp3d5b/tiamaria_big_titty_melons_get_fucked_poolside.html]
[www.xvideos.com/freeblackporn.html]
[www.xvideos.com/gangbang-chief.html]
[www.xvideos.com/video.ookepcua988/big_booty_neighbor_takes_cock_after_wrong_package.html]
[www.xvideos.com/free_hardcore_porn.html]
[www.xvideos.com/video.ipomlhkd650/pascalssubsluts_-_english_milf_cuffed_and_pussy_destroyed.html]
[www.xvideos.com/pascals-subsluts.html]
[www.xvideos.com/video.kitecmo983f/sexy_maid_black_angelika_gets_fucked_in_an_old_cottage.html]
[www.xvideos.com/prime-euro.html]
[www.xvideos.com/video.iecciam4663/invigorating_underwater_pussyjob_play_with_skinny_blonde_gf_at_public_hotel_pool_ft_gina_gerson.html]
[www.xvideos.com/shimmy_cash.html]
[www.xvideos.com/video.ouovlele8f8/sex_and_sex_and_rock_n_roll_-_ai_interactive_video.html]
[www.xvideos.com/my-naughty-ai.html]
[www.xvideos.com/video.ooukhmt6735/the_luar_couple_invited_me_to_a_little_party_the_swingers_couple_invited_me_to_have_sex_with_my_boyfriend_bbc_we_did_a_dp.html]
[www.xvideos.com/maisa_pravo.html]
[www.xvideos.com/video.koaeaemd091/hot_closeup_club_upskirts_and_wild_tit_flashing.html]
[www.xvideos.com/dreamgirlsnetwork.html]
[www.xvideos.com/video.oouvetv8867/stunning_asian_cum_shot_on_pussy_facial_in_mouth_compilation.html]
[www.xvideos.com/bellamissu.html]
[www.xvideos.com/video.oouakpu9255/oh_how_delicious_boss_the_way_you_kiss_my_wet_vagina_and_penetrate_me_so_good._i_have_sex_with_my_boss_because_i_didn_t_clean_him_properly.html]
[www.xvideos.com/ateneaproductions.html]
[www.xvideos.com/video.ooueitm8941/the_affair_with_her_stepson_turned_into_a_rough_fuck.html]
[www.xvideos.com/urakadaki.html]
[www.xvideos.com/professoraleticiafeffer.html]
[www.xvideos.com/video.ouucmde0cbc/an_evangelical_woman_visited_the_couple_and_ended_up_getting_her_ass_ripped_open_without_a_condom._a_friend_from_the_countryside_she_came_to_visit_the_couple_and_only_gave_her_ass_to_her_friend_s_hus]
[www.xvideos.com/latinostv.html]
[www.xvideos.com/video.uflmctoa6b7/he_tied_her_to_bed_and_fucked_rough_and_made_her_scream.html]
[www.xvideos.com/admin_kink_official.html]
[www.xvideos.com/new/1.html]
[www.xvideos.com/new/2.html]
[www.xvideos.com/new/3.html]
[www.xvideos.com/index.html]
[www.xvideos.com/account.html]
[www.xvideos.com/best/2026-03.html]
[www.xvideos.com/lang/deutsch.html]
[www.xvideos.com/indexf75f.html]
[www.xvideos.com/c/AI-239.html]
[www.xvideos.com/c/Amateur-65.html]
[www.xvideos.com/c/Anal-12.html]
[www.xvideos.com/c/Arab-159.html]
[www.xvideos.com/c/Asian_Woman-32.html]
[www.xvideos.com/c/ASMR-229.html]
[www.xvideos.com/c/Ass-14.html]
[www.xvideos.com/c/bbw-51.html]
[www.xvideos.com/c/Bi_Sexual-62.html]
[www.xvideos.com/c/Big_Ass-24.html]
[www.xvideos.com/c/Big_Cock-34.html]
[www.xvideos.com/c/Big_Tits-23.html]
[www.xvideos.com/c/Black_Woman-30.html]
[www.xvideos.com/c/Blonde-20.html]
[www.xvideos.com/c/Blowjob-15.html]
[www.xvideos.com/c/Brunette-25.html]
[www.xvideos.com/c/Cam_Porn-58.html]
[www.xvideos.com/index6759.html]
[www.xvideos.com/index4fc3.html]
[www.xvideos.com/indexe4e7.html]
[www.xvideos.com/index801b.html]
[www.xvideos.com/c/Creampie-40.html]
[www.xvideos.com/c/Cuckold-237.html]
[www.xvideos.com/c/Cumshot-18.html]
[www.xvideos.com/index898b.html]
[www.xvideos.com/indexb2cf.html]
[www.xvideos.com/indexd591.html]
[www.xvideos.com/c/Femdom-235.html]
[www.xvideos.com/c/Fisting-165.html]
[www.xvideos.com/c/Fucked_Up_Family-81.html]
[www.xvideos.com/c/Gangbang-69.html]
[www.xvideos.com/c/Gapes-167.html]
[www.xvideos.com/gayf058.html]
[www.xvideos.com/indexe489.html]
[www.xvideos.com/index243a.html]
[www.xvideos.com/indexf537.html]
[www.xvideos.com/c/Indian-89.html]
[www.xvideos.com/c/Interracial-27.html]
[www.xvideos.com/c/Latina-16.html]
[www.xvideos.com/c/Lesbian-26.html]
[www.xvideos.com/c/Lingerie-83.html]
[www.xvideos.com/c/Mature-38.html]
[www.xvideos.com/c/Milf-19.html]
[www.xvideos.com/index9e52.html]
[www.xvideos.com/c/Oiled-22.html]
[www.xvideos.com/indexea58.html]
[www.xvideos.com/indexa6f0.html]
[www.xvideos.com/indexb5d6.html]
[www.xvideos.com/c/Redhead-31.html]
[www.xvideos.com/indexe5d4.html]
[www.xvideos.com/index59e6.html]
[www.xvideos.com/shemalef058.html]
[www.xvideos.com/index3fce.html]
[www.xvideos.com/c/Solo_and_Masturbation-33.html]
[www.xvideos.com/c/Squirting-56.html]
[www.xvideos.com/c/Stockings-28.html]
[www.xvideos.com/c/Teen-13.html]
[www.xvideos.com/indexbd8e.html]
[www.xvideos.com/index5031.html]
[www.xvideos.com/tags.html]
[www.xvideos.com/channels-index.html]
[www.xvideos.com/pornstars-index.html]
[www.xvideos.com/profileslist.html]
[www.xvideos.com/videos-i-like.html]
[www.xvideos.com/my-feed.html]
[www.xvideos.com/index1d95.html]
[www.xvideos.com/indexf7cb.html]
[www.xvideos.com/index4e2d.html]
[www.xvideos.com/indexd785.html]
[www.xvideos.com/index27d7.html]
[www.xvideos.com/index123a.html]
[www.xvideos.com/indexa7fc.html]
[www.xvideos.com/indexe71a.html]
[www.xvideos.com/indexb0f4.html]
[www.xvideos.com/indexab5b.html]
[www.xvideos.com/index0228.html]
[www.xvideos.com/index11db.html]
[www.xvideos.com/indexc867.html]
[www.xvideos.com/index2527.html]
[www.xvideos.com/index1987.html]
[www.xvideos.com/indexcc38.html]
[www.xvideos.com/index8a5d.html]
[www.xvideos.com/indexbf83.html]
[www.xvideos.com/index055c.html]
[www.xvideos.com/indexa1a3.html]
[www.xvideos.com/index744c.html]
[www.xvideos.com/indexd784.html]
[www.xvideos.com/indexc2b8.html]
[www.xvideos.com/index4281.html]
[www.xvideos.com/indexcf73.html]
[www.xvideos.com/index759d.html]
[www.xvideos.com/index9849.html]
[www.xvideos.com/index515e.html]
[www.xvideos.com/index560e.html]
[www.xvideos.com/index7709.html]
[www.xvideos.com/indexe7e2.html]
[www.xvideos.com/indexda28.html]
[www.xvideos.com/index4b55.html]
[www.xvideos.com/index3c15.html]
[www.xvideos.com/index02ad.html]
[www.xvideos.com/index1f6e.html]
[www.xvideos.com/indexfc3a.html]
[www.xvideos.com/index925e.html]
[www.xvideos.com/index3557.html]
[www.xvideos.com/index5a21.html]
[www.xvideos.com/indexb689.html]
[www.xvideos.com/pornstars/molly-little.html]
[www.xvideos.com/video.okvblvh1641/jax_slayher_mouthfucks_molly_little_while_holding_her_upside_down_.html]
[www.xvideos.com/hussie_pass.html]
[www.xvideos.com/video.ucvkhvb44c4/shocked_stepmom_catches_her_stepson_ploughing_a_tight_pink_18_yrs_old_pussy_-_familystrokes.html]
[www.xvideos.com/familystrokes.html]
[www.xvideos.com/video.upfiito34ec/molly_little_excitedly_says_to_stepbro_you_shot_it_right_in_my_face_-_s20_e3.html]
[www.xvideos.com/step-siblings-caught.html]
[www.xvideos.com/video.ulobpao1f76/fit18_-_little_-_flexible_tiny_kawaii_teen_gets_creampied_in_pov.html]
[www.xvideos.com/fit18com.html]
[www.xvideos.com/video.udhobafa721/p-sluts_vol.html]
[www.xvideos.com/luisgonzo1.html]
[www.xvideos.com/video.otevpum2d94/blacked_petite_bbc_curious_cutie_little_offers_special_service.html]
[www.xvideos.com/blacked_com.html]
[www.xvideos.com/video.ufmhpldbd4c/clever_stepbro_has_scarlet_skies_and_molly_little_fighting_over_his_sticky_load_of_cum.html]
[www.xvideos.com/cumswappingsis.html]
[www.xvideos.com/video.okvbllhcf84/molly_little_struggles_to_handle_damion_dayski_s_footlong_cock_.html]
[www.xvideos.com/video.oubcettc96c/adonis_breeds_get_a_boner_for_molly_little_s_tongue_on_his_armpits_.html]
[www.xvideos.com/seehimnetwork.html]
[www.xvideos.com/video.ucpfuio2626/freeuse_household_-_it_s_that_time_of_the_month_so_the_virgin_18yrs_old_step-daughter_steps_in_-_enter_freeuse26_on_official_site_for_discount.html]
[www.xvideos.com/freeuse96.html]
[www.xvideos.com/video.uephokv168f/reality_kings_-_little_sneaks_the_gardener_off_for_some_fucking_then_her_stepmom_mandy_waters_joins_for_a_3some.html]
[www.xvideos.com/reality-kings-channel.html]
[www.xvideos.com/video.uvlpcuf5916/blacked_tiny_and_tight_is_shocked_by_jax_thick_bbc.html]
[www.xvideos.com/video.ifkpcub3e0b/jane_in_stepdaughter_and_stepdad_fuck_for_the_first_time.html]
[www.xvideos.com/barebackstudios.html]
[www.xvideos.com/video.uuohbol477b/cute_18_year_old_takes_a_big_facial_from_a_buy_she_just_met.html]
[www.xvideos.com/netvideogirls.html]
[www.xvideos.com/video.ubkdhak28ff/playing_secret_game_with_little_step_sister_-_little_-_family_therapy_-_alex_adams.html]
[www.xvideos.com/alex_adams.html]
[www.xvideos.com/video.ohuvcmkde43/naughty_stepsis_little_and_lana_smalls_invite_stepbro_to_beat_their_pinata_pussies.html]
[www.xvideos.com/princess-cum-1.html]
[www.xvideos.com/video.uafhhlvc1a8/lexi_lore_tells_little_just_admit_it_you_guys_wanna_fuck_-_s30_e2.html]
[www.xvideos.com/my-family-pies.html]
[www.xvideos.com/video.ohavmov478a/gorgeous_little_compilation.html]
[www.xvideos.com/xempireofficial.html]
[www.xvideos.com/video.ueacteb5461/little_train_new_asian_guy_or_new_guy_train_-_bananafever_amwf.html]
[www.xvideos.com/bananafever.html]
[www.xvideos.com/video.uiupthv6020/stepsis_molly_little_says_i_love_it_when_my_step_brother_makes_me_cum_.html]
[www.xvideos.com/video.uabuuidfff5/_man_up_rip_my_panties_off_right_now_and_take_me_little_dares_stepbro-_s28_e8.html]
[www.xvideos.com/brattysis.html]
[www.xvideos.com/video.uvbmtbb6e3d/_ehehmm_its_not_going_to_lick_itself_milf_katrina_colt_commands_swapson_-_s7_e5.html]
[www.xvideos.com/family-swap-xxx.html]
[www.xvideos.com/video.uiuombkc766/stepsis_molly_little_says_don_t_you_want_to_fuck_me_.html]
[www.xvideos.com/video.ucbhmuk1b60/deep_inside.html]
[www.xvideos.com/bangbros-network.html]
[www.xvideos.com/video.ooiuevucb47/editor_s_pick_compilation_compilation_ft.html]
[www.xvideos.com/teamskeet.html]
[www.xvideos.com/video.oubcmol83bf/hardx_-_top_10_hardcore_fuck_scenes_of_2025.html]
[www.xvideos.com/video.udaopdb9818/curvy_babes_cumpilation_ft_natasha_nice_jenna_starr_and_more_-_girlfriendsfilms.html]
[www.xvideos.com/girlfriendsfilmsofficial.html]
[www.xvideos.com/video.oooitkoa8dc/katerina_hartlova_teasing_gropers_on_a_crowded_bus_-_episode_1.html]
[www.xvideos.com/pleasegrope_me.html]
[www.xvideos.com/video.ooohvaed55b/beautiful_threesome_with_cumshots_inside_the_ass.html]
[www.xvideos.com/italianhotscout.html]
[www.xvideos.com/video.ooumeike817/maja_has_sex_in_an_old_train...html]
[www.xvideos.com/majameer.html]
[www.xvideos.com/video.ooipelve8a4/i_m_giving_my_girlfriend_lily_philipps_5_bbc_cocks_to_fuck_her_ass_and_pussy.html]
[www.xvideos.com/jesus_reyes_official.html]
[www.xvideos.com/video.ukmkbmmbacd/firsties_females_fuck_in_the_berlin_university_library.html]
[www.xvideos.com/ersties-de.html]
[www.xvideos.com/video.ooohiob7df0/he_came_twice_on_the_massage_table_-_handjob_and_blowjob.html]
[www.xvideos.com/evakeks_official.html]
[www.xvideos.com/video.ooutbfc5617/hot_milf_gets_fucked_and_creampied_by_her_pervy_old_neighbor_hans.html]
[www.xvideos.com/hornygrandpahans.html]
[www.xvideos.com/video.ipfcao673d/juliareaves-dirtymovie_-_dirty_movie_129_joana_roberts_-_full_movie_fingering_panties_group_sex_shav.html]
[www.xvideos.com/officialcontent.html]
[www.xvideos.com/video.ouehfaf5bf3/passionate_mutual_masturbation_closeup_with_bestie_with_big_tits_until_big_cumshot_-_programmerswife.html]
[www.xvideos.com/programmerswife.html]
[www.xvideos.com/video.ooumimh8100/let_me_give_you_a_prostate_massage_while_i_throat_your_cock_.html]
[www.xvideos.com/lavender_snowe_official.html]
[www.xvideos.com/video.ooutaaf6058/i_let_my_friend_breed_my_wife.html]
[www.xvideos.com/drilled7.html]
[www.xvideos.com/video.oohueot6615/perving_on_britsh_milf_cleaning_the_kitchen.html]
[www.xvideos.com/duncan_saint_official.html]
[www.xvideos.com/video.ouevaebefa5/first_time_pure_kitty_takes_big_fist_in_ass_-_master_class_by_valter_karo_part_1_.html]
[www.xvideos.com/myteenass.html]
[www.xvideos.com/video.ooipuuoaac0/my_step_cousin_is_so_cute_i_went_to_visit_her_and_couldn_t_resist_her_charm.html]
[www.xvideos.com/libriano50.html]
[www.xvideos.com/video.ooupfvb8906/busty_blonde_milf_gets_oiled_house_call_massage_from_young_therapist.html]
[www.xvideos.com/perfect_stroke_md.html]
[www.xvideos.com/video.oohtlidbc50/big_booty_slut_gets_hard_rough_dp_until_she_squirts_-_carmela_clutch_steve_rickz_alfie.html]
[www.xvideos.com/steve_rickz.html]
[www.xvideos.com/video.ooubaip171b/prettiest_streetwalker_sucks_cock_and_takes_a_load_of_cum_in_her_mouth.html]
[www.xvideos.com/mckenzie_gold.html]
[www.xvideos.com/video.oumbiiubc07/young_boy_fucks_hard_senora_fina_mature_milf_of_70_years_old_who_has_huge_boobs.html]
[www.xvideos.com/ladyspaincom.html]
[www.xvideos.com/video.ooicvmtf282/stepsister_has_sex_on_the_beach_big_creampie_.html]
[www.xvideos.com/la_bestia_y_la_bella2.html]
[www.xvideos.com/video.ooueudd17ca/i_just_asked_my_stepbrother_to_give_me_a_massage.html]
[www.xvideos.com/cherrymilly.html]
[www.xvideos.com/video.ooulupl57fa/best_black_pussy_fucked_and_filled.html]
[www.xvideos.com/kabbalish.html]
[www.xvideos.com/video.ooohbhke287/47439532/THUMBNUM/excellent_footjob_from_stepdaughter_with_cum_on_her_soles.html]
[www.xvideos.com/lolaxxmisa.html]
[www.xvideos.com/video.oivktkm67af/_starburst_sucking_litty_dick_from_the_side_.html]
[www.xvideos.com/litty_and_starbust.html]
[www.xvideos.com/video.uuoudbc8975/red_saree_mom_fucking_hardly_in_room_with_localboy_official_video_by_localsex31_.html]
[www.xvideos.com/localsex31.html]
[www.xvideos.com/video.ouelufe7d6b/47439532/THUMBNUM/fodendo_a_ninfetinha_safada_e_no_final_gozou_dentro.html]
[www.xvideos.com/tyjzxxseasgg.html]
[www.xvideos.com/video.oooitikcf46/47439532/THUMBNUM/abella_candy_hardcore_deflowering_of_a_virgin_model_of_soft_wet_pussy_sex_doll_fetish_.html]
[www.xvideos.com/josep4020.html]
[www.xvideos.com/video.oouvevk2e36/47439532/THUMBNUM/sensual_masturbation_and_a_real_orgasm_from_a_milf_in_sexy_panties.html]
[www.xvideos.com/sexyclick2.html]
[www.xvideos.com/video.ooivumb8cfc/big_cock_destroys_her_pussy.html]
[www.xvideos.com/wrecked.html]
[www.xvideos.com/video.umtfhhk66fe/real_life_futanari_-_hot_chicks_with_big_dicks.html]
[www.xvideos.com/futanari-xxx.html]
[www.xvideos.com/video.okmbcev3263/blonde_latina_getting_fucked_hard_on_all_fours_with_a_cock_in_her_greedy_little_ass.html]
[www.xvideos.com/gutoofficial1.html]
[www.xvideos.com/video.ooumkib3b1d/how_to_make_a_girl_squirt_-_step_by_step_-_squirting_orgasms_101.html]
[www.xvideos.com/jesstonysquirts.html]
[www.xvideos.com/video.oouevba0f4e/my_perverted_busty_young_stepmom_rides_me_mercilessly._couldn_t_last_a_second.html]
[www.xvideos.com/shirley_musk.html]
[www.xvideos.com/video.ouleifo4af7/public_pickup_-_skinny_brunette_agrees_to_a_hearty_lunch_and_glorious_sex.html]
[www.xvideos.com/katty_west_official.html]
[www.xvideos.com/video.oooiivp3d5b/tiamaria_big_titty_melons_get_fucked_poolside.html]
[www.xvideos.com/freeblackporn.html]
[www.xvideos.com/video.ouedlhd8685/47439532/THUMBNUM/crazy_exhibitionist_drives_naked_at_day_time_and_fucks_guy.html]
[www.xvideos.com/gangbang-chief.html]
[www.xvideos.com/video.ookepcua988/big_booty_neighbor_takes_cock_after_wrong_package.html]
[www.xvideos.com/free_hardcore_porn.html]
[www.xvideos.com/video.ipomlhkd650/pascalssubsluts_-_english_milf_cuffed_and_pussy_destroyed.html]
[www.xvideos.com/pascals-subsluts.html]
[www.xvideos.com/video.kitecmo983f/sexy_maid_black_angelika_gets_fucked_in_an_old_cottage.html]
[www.xvideos.com/prime-euro.html]
[www.xvideos.com/video.iecciam4663/invigorating_underwater_pussyjob_play_with_skinny_blonde_gf_at_public_hotel_pool_ft_gina_gerson.html]
[www.xvideos.com/shimmy_cash.html]
[www.xvideos.com/video.ouovlele8f8/sex_and_sex_and_rock_n_roll_-_ai_interactive_video.html]
[www.xvideos.com/my-naughty-ai.html]
[www.xvideos.com/video.ooukhmt6735/the_luar_couple_invited_me_to_a_little_party_the_swingers_couple_invited_me_to_have_sex_with_my_boyfriend_bbc_we_did_a_dp.html]
[www.xvideos.com/maisa_pravo.html]
[www.xvideos.com/video.koaeaemd091/hot_closeup_club_upskirts_and_wild_tit_flashing.html]
[www.xvideos.com/dreamgirlsnetwork.html]
[www.xvideos.com/video.oouvetv8867/stunning_asian_cum_shot_on_pussy_facial_in_mouth_compilation.html]
[www.xvideos.com/bellamissu.html]
[www.xvideos.com/video.oouakpu9255/oh_how_delicious_boss_the_way_you_kiss_my_wet_vagina_and_penetrate_me_so_good._i_have_sex_with_my_boss_because_i_didn_t_clean_him_properly.html]
[www.xvideos.com/ateneaproductions.html]
[www.xvideos.com/video.ooueitm8941/the_affair_with_her_stepson_turned_into_a_rough_fuck.html]
[www.xvideos.com/urakadaki.html]
[www.xvideos.com/video.ouucmde0cbc/an_evangelical_woman_visited_the_couple_and_ended_up_getting_her_ass_ripped_open_without_a_condom._a_friend_from_the_countryside_she_came_to_visit_the_couple_and_only_gave_her_ass_to_her_friend_s_hus]
[www.xvideos.com/professoraleticiafeffer.html]
[www.xvideos.com/video.ookupbv79a6/47439532/THUMBNUM/morena_follada_por_el_culo.html]
[www.xvideos.com/latinostv.html]
[www.xvideos.com/video.uflmctoa6b7/he_tied_her_to_bed_and_fucked_rough_and_made_her_scream.html]
[www.xvideos.com/admin_kink_official.html]
[www.xvideos.com/new/1.html]
[www.xvideos.com/new/2.html]
[www.xvideos.com/new/3.html]
