[www.youtube.com/index.html]
[www.youtube.com/s/desktop/40cd5ddc/img/favicon.ico]
[www.youtube.com/s/desktop/40cd5ddc/img/favicon_32x32.png]
[www.youtube.com/s/desktop/40cd5ddc/img/favicon_48x48.png]
[www.youtube.com/s/desktop/40cd5ddc/img/favicon_96x96.png]
[www.youtube.com/s/desktop/40cd5ddc/img/favicon_144x144.png]
[backblue.gif]
[fade.gif]
[index.html]
[www.youtube.com/s/desktop/40cd5ddc/jsbin/web-animations-next-lite.min.vflset/web-animations-next-lite.min.js]
[www.youtube.com/s/desktop/40cd5ddc/jsbin/webcomponents-all-noPatch.vflset/webcomponents-all-noPatch.js]
[www.youtube.com/s/desktop/40cd5ddc/jsbin/fetch-polyfill.vflset/fetch-polyfill.js]
[www.youtube.com/s/desktop/40cd5ddc/jsbin/intersection-observer.min.vflset/intersection-observer.min.js]
[www.youtube.com/s/desktop/40cd5ddc/jsbin/scheduler.vflset/scheduler.js]
[www.youtube.com/s/desktop/40cd5ddc/jsbin/www-i18n-constants-en_US.vflset/www-i18n-constants.js]
[www.youtube.com/s/desktop/40cd5ddc/jsbin/spf.vflset/spf.js]
[www.youtube.com/s/desktop/40cd5ddc/jsbin/network.vflset/network.js]
[www.youtube.com/opensearch97fa]
[www.youtube.com/manifest.webmanifest]
[www.youtube.com/t/impressumab02.html]
[www.youtube.com/t/terms.html]
[www.youtube.com/ads/index.html]
[www.youtube.com/creators/index.html]
[www.youtube.com/t/contact_us/index.html]
[www.youtube.com/howyoutubeworks/indexd320.html]
[www.youtube.com/s/_/ytmainappweb/_/js/k=ytmainappweb.kevlar_base.en_US.d5Q_Sh18DeQ.es5.O/am=AAAAAQAAAgk/d=1/rs=AGKMywG-sO5mZm982kt19lbC102uER1KLQ/m=kevlar_base_module,kevlar_main_module]
[www.youtube.com/index.html]
[www.youtube.com/error_2049a45.html]
[www.youtube.com/android-app_/com.google.android.youtube/http/www.youtube.com/index.html]
[www.youtube.com/ios-app_/544007664/vnd.youtube/www.youtube.com/index.html]
[www.youtube.com/s/desktop/40cd5ddc/cssbin/www-main-desktop-home-page-skeleton.css]
[www.youtube.com/s/desktop/40cd5ddc/cssbin/www-onepick.css]
[www.youtube.com/s/_/ytmainappweb/_/ss/k=ytmainappweb.kevlar_base.whc3qmTGT1w.L.X.O/am=AAAAAQAEggk/d=0/rs=AGKMywFGrhHS8789_VNUjeaB1JNaGCqpyA.css]
[www.youtube.com/about/index.html]
[www.youtube.com/about/press/index.html]
[www.youtube.com/about/copyright/index.html]
[www.youtube.com/img/favicon.ico]
[www.youtube.com/img/favicon_32.png]
[www.youtube.com/img/favicon_48.png]
[www.youtube.com/img/favicon_96.png]
[www.youtube.com/img/favicon_144.png]
[www.youtube.com/img/desktop/supported_browsers/yt_logo_rgb_light.png]
[www.youtube.com/jobs/index.html]
[www.youtube.com/t/contact_us/index.html]
[www.youtube.com/creators/static/compiled/index.min.js]
[www.youtube.com/yts/img/favicon-vfl8qSV2F.ico]
[www.youtube.com/yts/img/favicon_32-vflOogEID.png]
[www.youtube.com/yts/img/favicon_48-vflVjB_Qk.png]
[www.youtube.com/yts/img/favicon_96-vflW9Ec0w.png]
[www.youtube.com/yts/img/favicon_144-vfliLAfaB.png]
[www.youtube.com/creators/welcome-creators/index.html]
[www.youtube.com/creators/how-things-work/getting-started/index.html]
[www.youtube.com/creators/partner-program/index.html]
[www.youtube.com/creators/how-things-work/video-monetization/index.html]
[www.youtube.com/creators/how-things-work/policies-guidelines/index.html]
[www.youtube.com/creators/how-things-work/building-community/index.html]
[www.youtube.com/creators/how-things-work/content-creation-strategy/index.html]
[www.youtube.com/creators/how-things-work/get-involved/index.html]
[www.youtube.com/creators/partner-program/shopping/index.html]
[www.youtube.com/creators/top-questions/index.html]
[www.youtube.com/creators/index.html]
[www.youtube.com/ads/index.html]
[www.youtube.com/t/impressumab02.html]
[www.youtube.com/t/contact_us.html]
[www.youtube.com/t/terms_paidservice.html]
[www.youtube.com/t/usage_paycontent.html]
[www.youtube.com/t/terms5df5.html]
[www.youtube.com/t/terms69a9.html]
[www.youtube.com/t/terms_dataprocessing.html]
[www.youtube.com/t/terms.html]
[www.youtube.com/about/policies/index.html]
[www.youtube.com/t/terms9940.html]
[www.youtube.com/intl/ALL_de/howyoutubeworks/index.html]
[www.youtube.com/howyoutubeworks/static/compiled/shared.index.minbc1c.js]
[www.youtube.com/howyoutubeworks/static/compiled/main.index.mindd67.js]
[www.youtube.com/howyoutubeworks/indexd320.html]
[www.youtube.com/s/desktop/40cd5ddc/cssbin/www-main-desktop-watch-page-skeleton.css]
[www.youtube.com/intl/ALL_de/howyoutubeworks/copyright/index.html]
[www.youtube.com/howyoutubeworks/policies/copyright/index.html]
[www.youtube.com/intl/ALL_de/howyoutubeworks/creator-economy/index.html]
[www.youtube.com/intl/ALL_de/howyoutubeworks/elections/index.html]
[www.youtube.com/intl/ALL_de/howyoutubeworks/ai/index.html]
[www.youtube.com/intl/ALL_de/howyoutubeworks/news/index.html]
[www.youtube.com/howyoutubeworks/policies/community-guidelines/index.html]
[www.youtube.com/intl/ALL_de/howyoutubeworks/kids-and-teens/index.html]
[www.youtube.com/intl/ALL_de/howyoutubeworks/privacy/index.html]
[www.youtube.com/intl/ALL_de/howyoutubeworks/learning/index.html]
[www.youtube.com/intl/ALL_de/howyoutubeworks/our-policies/index.html]
[www.youtube.com/intl/ALL_de/howyoutubeworks/recommendations/index.html]
[www.youtube.com/intl/ALL_de/howyoutubeworks/youtubes-impact/index.html]
[www.youtube.com/jobs/product-and-design/index.html]
[www.youtube.com/howyoutubeworks/copyright/index.html]
[www.youtube.com/jobs/engineering/index.html]
[www.youtube.com/howyoutubeworks/our-policies/index.html]
[www.youtube.com/jobs/business-and-operations/index.html]
[www.youtube.com/howyoutubeworks/index.html]
[www.youtube.com/jobs/trust-and-safety/index.html]
[www.youtube.com/trends/index.html]
[www.youtube.com/kids/index.html]
[www.youtube.com/jobs/static/compiled/index.minc1be.js]
[www.youtube.com/jobs/index.html]
[www.youtube.com/intl/en/yt/about/press/index.html]
[www.youtube.com/creators/benefits/index.html]
[www.youtube.com/yt/advertise/index.html]
[www.youtube.com/creators/static/compiled/index.min.css]
[www.youtube.com/creators/welcome-creators/index.html]
[www.youtube.com/creators/channel-memberships/index.html]
[www.youtube.com/watch0032.html]
[www.youtube.com/intl/en_us/join/index.html]
[www.youtube.com/creators/partner-program/index.html]
[www.youtube.com/watchdf40.html]
[www.youtube.com/creators/shorts/index.html]
[www.youtube.com/watchff4e.html]
[www.youtube.com/watch0e2f.html]
[www.youtube.com/watch9815.html]
[www.youtube.com/watch86cc.html]
[www.youtube.com/watch6721.html]
[www.youtube.com/creators/how-things-work/getting-started/index.html]
[www.youtube.com/creators/how-things-work/building-community/index.html]
[www.youtube.com/creators/how-things-work/video-monetization/index.html]
[www.youtube.com/watch6d54.html]
[www.youtube.com/watchc377.html]
[www.youtube.com/watchb281.html]
[www.youtube.com/watchc0b2.html]
[www.youtube.com/watchf25a.html]
[www.youtube.com/watchc121.html]
[www.youtube.com/creators/live-streaming-on-youtube/index.html]
[www.youtube.com/watch898b.html]
[www.youtube.com/watch7541.html]
[www.youtube.com/watche58e.html]
[www.youtube.com/watcha3d1.html]
[www.youtube.com/creators/how-things-work/content-creation-strategy/index.html]
[www.youtube.com/creators/how-things-work/policies-guidelines/index.html]
[www.youtube.com/creators/how-things-work/get-involved/index.html]
[www.youtube.com/kids/index47ed.html]
[www.youtube.com/creators/how-things-work/get-involved/awards/index.html]
[www.youtube.com/intl/en_us/creators/research/index.html]
[www.youtube.com/watchfab1.html]
[www.youtube.com/watche42f.html]
[www.youtube.com/creators/top-questions/index.html]
[www.youtube.com/embed/U_9NWg51JS8.html]
[www.youtube.com/embed/vwYWiDZrEOY.html]
[www.youtube.com/embed/MeG27pk6i6c.html]
[www.youtube.com/embed/zFuze1Dvdp4.html]
[www.youtube.com/embed/rRLniJ5aMQ0.html]
[www.youtube.com/embed/ad120X8IJVU.html]
[www.youtube.com/embed/HKTFLI-PfzE.html]
[www.youtube.com/embed/GlxzYLsSpWg.html]
[www.youtube.com/creators/partner-program/shopping/index.html]
[www.youtube.com/t/contact_us.html]
[www.youtube.com/trends/report/tr25-youtube-shopping/index.html]
[www.youtube.com/t/terms_paidservicee8b1.html]
[www.youtube.com/embed/qf1yNpadysY.html]
[www.youtube.com/t/terms_paidservice5df5.html]
[www.youtube.com/t/terms_paidservice69a9.html]
[www.youtube.com/t/terms_paidservice.html]
[www.youtube.com/t/usage_paycontent.html]
[www.youtube.com/t/terms5df5.html]
[www.youtube.com/t/terms69a9.html]
[www.youtube.com/t/terms_dataprocessing.html]
[www.youtube.com/yt/copyright/index.html]
[www.youtube.com/t/terms08a4.html]
[www.youtube.com/t/terms_dataprocessing8990.html]
[www.youtube.com/t/terms9940.html]
[www.youtube.com/intl/ALL_de/howyoutubeworks/index.html]
[www.youtube.com/howyoutubeworks/static/compiled/css/shared.index.mine907.css]
[www.youtube.com/howyoutubeworks/static/compiled/css/main.index.mine907.css]
[www.youtube.com/t/terms540c.html]
[www.youtube.com/howyoutubeworks/static/compiled/ai.index.min72c6.js]
[www.youtube.com/howyoutubeworks/static/images/arrow_drop_dow_black.svg]
[www.youtube.com/intl/ALL_de/howyoutubeworks/ai/empowering-creators/index.html]
[www.youtube.com/intl/ALL_de/howyoutubeworks/ai/index.html]
[www.youtube.com/howyoutubeworks/static/compiled/copyright.index.mindf10.js]
[www.youtube.com/intl/ALL_de/howyoutubeworks/copyright/index.html]
[www.youtube.com/howyoutubeworks/static/compiled/creator-economy.index.min3ebd.js]
[www.youtube.com/intl/ALL_de/howyoutubeworks/creator-economy/index.html]
[www.youtube.com/howyoutubeworks/static/compiled/elections.index.min61a5.js]
[www.youtube.com/intl/ALL_de/howyoutubeworks/elections/index.html]
[www.youtube.com/howyoutubeworks/static/compiled/youth.index.min219b.js]
[www.youtube.com/intl/ALL_de/howyoutubeworks/kids-and-teens/index.html]
[www.youtube.com/intl/ALL_de/howyoutubeworks/kids-and-teens/youth-principles/index.html]
[www.youtube.com/howyoutubeworks/kids-and-teens/advisory-committee/index.html]
[www.youtube.com/intl/ALL_de/howyoutubeworks/kids-and-teens/advisory-committee/index.html]
[www.youtube.com/howyoutubeworks/static/compiled/learning.index.minee0e.js]
[www.youtube.com/intl/ALL_de/howyoutubeworks/learning/index.html]
[www.youtube.com/howyoutubeworks/static/compiled/news.index.min4c74.js]
[www.youtube.com/intl/ALL_de/howyoutubeworks/news/index.html]
[www.youtube.com/howyoutubeworks/static/compiled/privacy.index.min1484.js]
[www.youtube.com/intl/ALL_de/howyoutubeworks/privacy/index.html]
[www.youtube.com/howyoutubeworks/static/compiled/recommendations.index.min9920.js]
[www.youtube.com/intl/ALL_de/howyoutubeworks/recommendations/index.html]
[www.youtube.com/howyoutubeworks/static/compiled/policies.index.min077c.js]
[www.youtube.com/intl/ALL_de/howyoutubeworks/our-policies/index.html]
[www.youtube.com/howyoutubeworks/static/compiled/progress-impact.index.minbbda.js]
[www.youtube.com/howyoutubeworks/static/images/mobile-after.svg]
[www.youtube.com/howyoutubeworks/nd.d6.delayed]
[www.youtube.com/howyoutubeworks/youtubes-impact/index.html]
[www.youtube.com/intl/ALL_de/howyoutubeworks/youtubes-impact/index.html]
[www.youtube.com/howyoutubeworks/copyright/index.html]
[www.youtube.com/intl/ALL_au/howyoutubeworks/youtubes-impact/index.html]
[www.youtube.com/howyoutubeworks/our-policies/index.html]
[www.youtube.com/intl/ALL_ca/howyoutubeworks/youtubes-impact/index.html]
[www.youtube.com/jobs/static/media/images/home/white-hero-arrow-desktop.svg]
[www.youtube.com/intl/fr_ca/howyoutubeworks/youtubes-impact/index.html]
[www.youtube.com/jobs/static/media/images/home/white-hero-arrow-mobile.svg]
[www.youtube.com/intl/en_be/howyoutubeworks/youtubes-impact/index.html]
[www.youtube.com/intl/ALL_id/howyoutubeworks/youtubes-impact/index.html]
[www.youtube.com/intl/en_us/howyoutubeworks/youtubes-impact/index.html]
[www.youtube.com/intl/ALL_kr/howyoutubeworks/youtubes-impact/index.html]
[www.youtube.com/intl/ALL_uk/howyoutubeworks/youtubes-impact/index.html]
[www.youtube.com/intl/ALL_jp/howyoutubeworks/youtubes-impact/index.html]
[www.youtube.com/jobs/static/media/images/icons/headphones.svg]
[www.youtube.com/jobs/static/media/images/home/wave_retina.gif]
[www.youtube.com/jobs/static/compiled/index.min207f.css]
[www.youtube.com/jobs/engineering/index.html]
[www.youtube.com/jobs/product-and-design/index.html]
[www.youtube.com/jobs/business-and-operations/index.html]
[www.youtube.com/jobs/trust-and-safety/index.html]
[www.youtube.com/howyoutubeworks/index.html]
[www.youtube.com/trends/report/index.html]
[www.youtube.com/trends/records/index.html]
[www.youtube.com/trends/report/tr26-animation-trends-report/index.html]
[www.youtube.com/trends/about/index.html]
[www.youtube.com/iframe_api]
[www.youtube.com/trends/discover/index.html]
[www.youtube.com/trends/static/compiled/index.minb979.js]
[www.youtube.com/trends/news/index.html]
[www.youtube.com/trends/index.html]
[www.youtube.com/trends/articles/2025-kings-league-mx/index.html]
[www.youtube.com/trends/articles/skibidi-toilet-4-m/index.html]
[www.youtube.com/trends/report/tr25-global-trends-report/index.html]
[www.youtube.com/kids/static/compiled/detect.minb151.js]
[www.youtube.com/trends/articles/wnba-annual-viewership/index.html]
[www.youtube.com/trends/articles/tier-list-billion/index.html]
[www.youtube.com/trends/report/tr25-next-generation/index.html]
[www.youtube.com/trends/articles/jess-no-limit-50-million/index.html]
[www.youtube.com/trends/articles/speedrunning-community-top-games-treemap/index.html]
[www.youtube.com/t/impressum.html]
[www.youtube.com/kids/static/compiled/index.min6e37.js]
[www.youtube.com/trends/records/index6a4c.html]
[www.youtube.com/kids/index.html]
[www.youtube.com/trends/records/indexdd87.html]
[www.youtube.com/premium/index.html]
[www.youtube.com/trends/records/index0553.html]
[www.youtube.com/ads/youtube-select/index.html]
[www.youtube.com/trends/records/index9c53.html]
[www.youtube.com/yt/family/index.html]
[www.youtube.com/ads/how-it-works/set-up-a-campaign/youtube-select/index.html]
[www.youtube.com/creatorresearch/index.html]
[www.youtube.com/creators/podcasts/index.html]
[www.youtube.com/nextup/index.html]
[www.youtube.com/creators-for-change/index.html]
[www.youtube.com/kids/parent-resources/index.html]
[www.youtube.com/csai-match/index.html]
[www.youtube.com/kids/safer-experience/index.html]
[www.youtube.com/about/brand-resources/index.html]
[www.youtube.com/kids/familyfriendly-videos/index.html]
[www.youtube.com/intl/en/about/press/index.html]
[www.youtube.com/kids/fun-everyscreen/index.html]
[www.youtube.com/intl/ALL_de/kids/index.html]
[www.youtube.com/creators/research/index.html]
[www.youtube.com/creators/awards/index.html]
[www.youtube.com/creators/why-be-a-creator/index.html]
[www.youtube.com/watchbf03.html]
[www.youtube.com/watch2cdf.html]
[www.youtube.com/watch7348.html]
[www.youtube.com/watchd7be.html]
[www.youtube.com/creators/channel-memberships/index.html]
[www.youtube.com/s/player/8456c9de/player_ias.vflset/en_US/base.js]
[www.youtube.com/s/_/ytmainappweb/_/js/k=ytmainappweb.kevlar_base.en_US.d5Q_Sh18DeQ.es5.O/am=AAAAgAAAAgk/d=1/rs=AGKMywEVyP2m_GquyixxmpNpAF8fYUJ47A/m=kevlar_base_module,kevlar_main_module]
[www.youtube.com/watch0032.html]
[www.youtube.com/join/index.html]
[www.youtube.com/join/static/compiled/index.min169f.js]
[www.youtube.com/intl/en_us/join/index.html]
[www.youtube.com/s/_/ytmainappweb/_/js/k=ytmainappweb.kevlar_base.en_US.d5Q_Sh18DeQ.es5.O/am=AAAAAAIAAgk/d=1/rs=AGKMywGStf1RYokv9KgtdmP_utxcJCzRBg/m=kevlar_base_module,kevlar_main_module]
[www.youtube.com/watchdf40.html]
[www.youtube.com/s/_/ytmainappweb/_/js/k=ytmainappweb.kevlar_base.en_US.d5Q_Sh18DeQ.es5.O/am=AAAAgAAAAg0/d=1/rs=AGKMywF3kw3MeELkn3k__SKxgEDPr0Ip_w/m=kevlar_base_module,kevlar_main_module]
[www.youtube.com/watchff4e.html]
[www.youtube.com/creators/shorts/index.html]
[www.youtube.com/watch83b1.html]
[www.youtube.com/watch0e2f.html]
[www.youtube.com/s/_/ytmainappweb/_/js/k=ytmainappweb.kevlar_base.en_US.d5Q_Sh18DeQ.es5.O/am=AAAAIAAAAgk/d=1/rs=AGKMywE8aFT0hY6NDdAQQ7uAIhTX2f9AUA/m=kevlar_base_module,kevlar_main_module]
[www.youtube.com/watch9815.html]
[www.youtube.com/s/_/ytmainappweb/_/js/k=ytmainappweb.kevlar_base.en_US.d5Q_Sh18DeQ.es5.O/am=AAAAAAIAAg0/d=1/rs=AGKMywE1yqsY8d2WOA_hdbsioEqsXBA3Ug/m=kevlar_base_module,kevlar_main_module]
[www.youtube.com/watch86cc.html]
[www.youtube.com/s/_/ytmainappweb/_/js/k=ytmainappweb.kevlar_base.en_US.d5Q_Sh18DeQ.es5.O/am=AAAAAAEAAgk/d=1/rs=AGKMywFVvwaw4hrvktPkn6gWpTmDSV7VZg/m=kevlar_base_module,kevlar_main_module]
[www.youtube.com/watch6721.html]
[www.youtube.com/s/_/ytmainappweb/_/js/k=ytmainappweb.kevlar_base.en_US.d5Q_Sh18DeQ.es5.O/am=AAAAEAAAAgk/d=1/rs=AGKMywG6UBx5-CRshUM3NNCjBkgygDmTGg/m=kevlar_base_module,kevlar_main_module]
[www.youtube.com/watch6d54.html]
[www.youtube.com/watchc377.html]
[www.youtube.com/s/_/ytmainappweb/_/js/k=ytmainappweb.kevlar_base.en_US.d5Q_Sh18DeQ.es5.O/am=AAAACAAAAgk/d=1/rs=AGKMywE2FqnJdjH7Jnvasb5buLefjTPCNg/m=kevlar_base_module,kevlar_main_module]
[www.youtube.com/watchb281.html]
[www.youtube.com/s/_/ytmainappweb/_/js/k=ytmainappweb.kevlar_base.en_US.d5Q_Sh18DeQ.es5.O/am=AAAAAgAAAgk/d=1/rs=AGKMywHfJmB_-GOWZqPXLUhwTFI3Ds92bQ/m=kevlar_base_module,kevlar_main_module]
[www.youtube.com/watchc0b2.html]
[www.youtube.com/watchc121.html]
[www.youtube.com/watchf25a.html]
[www.youtube.com/watch898b.html]
[www.youtube.com/watch4d4a.html]
[www.youtube.com/watch2567.html]
[www.youtube.com/watch3088.html]
[www.youtube.com/watcha7fb.html]
[www.youtube.com/creators/safety/index.html]
[www.youtube.com/creators/live-streaming-on-youtube/index.html]
[www.youtube.com/watch7541.html]
[www.youtube.com/watche58e.html]
[www.youtube.com/watcha3d1.html]
[www.youtube.com/watchfab1.html]
[www.youtube.com/kids/index47ed.html]
[www.youtube.com/watche42f.html]
[www.youtube.com/creators/how-things-work/get-involved/awards/index.html]
[www.youtube.com/intl/en_us/creators/welcome-creators/index.html]
[www.youtube.com/intl/en_us/creators/partner-program/index.html]
[www.youtube.com/intl/en_us/creators/index.html]
[www.youtube.com/intl/en_us/creators/research/index.html]
[www.youtube.com/intl/en_us/creators/how-things-work/getting-started/index.html]
[www.youtube.com/intl/en_us/creators/how-things-work/building-community/index.html]
[www.youtube.com/intl/en_us/creators/how-things-work/video-monetization/index.html]
[www.youtube.com/intl/en_us/creators/how-things-work/content-creation-strategy/index.html]
[www.youtube.com/intl/en_us/creators/how-things-work/policies-guidelines/index.html]
[www.youtube.com/img/meh7.1c7.delayed]
[www.youtube.com/intl/en_us/creators/how-things-work/get-involved/index.html]
[www.youtube.com/s/_/ytembeds/_/js/k=ytembeds.base.en_US.MjcFGynCOp4.es5.O/am=AAAABA/d=1/rs=AGKMywEibH01UhxKcyDDIxjUde0JZTytGQ/m=root,base]
[www.youtube.com/intl/en_us/creators/top-questions/index.html]
[www.youtube.com/s/player/8456c9de/player_embed.vflset/en_US/base.js]
[www.youtube.com/embed/U_9NWg51JS8.html]
[www.youtube.com/watch7998.html]
[www.youtube.com/embed/vwYWiDZrEOY.html]
[www.youtube.com/watch177f.html]
[www.youtube.com/embed/MeG27pk6i6c.html]
[www.youtube.com/embed/zFuze1Dvdp4.html]
[www.youtube.com/watcha92c.html]
[www.youtube.com/embed/rRLniJ5aMQ0.html]
[www.youtube.com/watch73c6.html]
[www.youtube.com/embed/ad120X8IJVU.html]
[www.youtube.com/watch2c35.html]
[www.youtube.com/embed/HKTFLI-PfzE.html]
[www.youtube.com/watch9abc.html]
[www.youtube.com/embed/GlxzYLsSpWg.html]
[www.youtube.com/watchfffd.html]
[www.youtube.com/embed/qf1yNpadysY.html]
[www.youtube.com/trends/report/tr25-youtube-shopping/index.html]
[www.youtube.com/t/terms_paidservicea132.html]
[www.youtube.com/watch9f56.html]
[www.youtube.com/watch47bf.html]
[www.youtube.com/watch2acd.html]
[www.youtube.com/t/terms_paidservicee8b1.html]
[www.youtube.com/t/terms_paidservice5df5.html]
[www.youtube.com/t/terms_paidservice4a45.html]
[www.youtube.com/t/terms_paidservice69a9.html]
[www.youtube.com/t/terms_dataprocessing8990.html]
[www.youtube.com/yt/about/copyright/index.html]
[www.youtube.com/t/terms08a4.html]
[www.youtube.com/t/terms_dataprocessingda97.html]
[www.youtube.com/t/terms540c.html]
[www.youtube.com/howyoutubeworks/static/compiled/css/ai.index.min457f.css]
[www.youtube.com/howyoutubeworks/static/images/arrow_drop_dow_black.svg]
[www.youtube.com/t/terms742d.html]
[www.youtube.com/howyoutubeworks/static/compiled/ai-and-creators.index.min5776.js]
[www.youtube.com/intl/ALL_de/howyoutubeworks/ai/empowering-creators/index.html]
[www.youtube.com/howyoutubeworks/static/compiled/css/copyright.index.minfd34.css]
[www.youtube.com/howyoutubeworks/static/compiled/css/creator-economy.index.min592a.css]
[www.youtube.com/howyoutubeworks/static/compiled/css/elections.index.mine907.css]
[www.youtube.com/howyoutubeworks/static/compiled/css/youth.index.mine907.css]
[www.youtube.com/howyoutubeworks/static/compiled/youth-principles.index.minc686.js]
[www.youtube.com/intl/ALL_de/howyoutubeworks/kids-and-teens/youth-principles/index.html]
[www.youtube.com/howyoutubeworks/static/compiled/advisory-committee.index.mina085.js]
[www.youtube.com/howyoutubeworks/kids-and-teens/advisory-committee/index.html]
[www.youtube.com/intl/ALL_de/howyoutubeworks/kids-and-teens/advisory-committee/index.html]
[www.youtube.com/howyoutubeworks/static/compiled/css/learning.index.min9047.css]
[www.youtube.com/howyoutubeworks/static/compiled/css/news.index.min592a.css]
[www.youtube.com/howyoutubeworks/static/compiled/css/privacy.index.mine907.css]
[www.youtube.com/howyoutubeworks/static/compiled/css/recommendations.index.mine907.css]
[www.youtube.com/howyoutubeworks/static/compiled/css/policies.index.mine907.css]
[www.youtube.com/howyoutubeworks/static/compiled/css/progress-impact.index.mine907.css]
[www.youtube.com/howyoutubeworks/static/images/mobile-after.svg]
[www.youtube.com/howyoutubeworks/youtubes-impact/index.html]
[www.youtube.com/howyoutubeworks/nd.html]
[www.youtube.com/intl/ALL_au/howyoutubeworks/ai/index.html]
[www.youtube.com/intl/ALL_au/howyoutubeworks/index.html]
[www.youtube.com/intl/ALL_au/howyoutubeworks/creator-economy/index.html]
[www.youtube.com/intl/ALL_au/howyoutubeworks/kids-and-teens/index.html]
[www.youtube.com/intl/ALL_au/howyoutubeworks/copyright/index.html]
[www.youtube.com/intl/ALL_au/howyoutubeworks/elections/index.html]
[www.youtube.com/intl/ALL_au/howyoutubeworks/news/index.html]
[www.youtube.com/intl/ALL_au/howyoutubeworks/privacy/index.html]
[www.youtube.com/intl/ALL_au/howyoutubeworks/learning/index.html]
[www.youtube.com/intl/ALL_au/howyoutubeworks/our-policies/index.html]
[www.youtube.com/intl/ALL_au/howyoutubeworks/recommendations/index.html]
[www.youtube.com/intl/ALL_au/howyoutubeworks/youtubes-impact/index.html]
[www.youtube.com/intl/ALL_br/howyoutubeworks/progress-impact/impact/index.html]
[www.youtube.com/intl/ALL_ca/howyoutubeworks/index.html]
[www.youtube.com/intl/ALL_ca/howyoutubeworks/ai/index.html]
[www.youtube.com/intl/ALL_br/howyoutubeworks/youtubes-impact/index.html]
[www.youtube.com/intl/ALL_ca/howyoutubeworks/elections/index.html]
[www.youtube.com/intl/ALL_ca/howyoutubeworks/copyright/index.html]
[www.youtube.com/intl/ALL_ca/howyoutubeworks/creator-economy/index.html]
[www.youtube.com/intl/ALL_ca/howyoutubeworks/kids-and-teens/index.html]
[www.youtube.com/intl/ALL_ca/howyoutubeworks/privacy/index.html]
[www.youtube.com/intl/ALL_ca/howyoutubeworks/learning/index.html]
[www.youtube.com/intl/ALL_ca/howyoutubeworks/news/index.html]
[www.youtube.com/intl/ALL_ca/howyoutubeworks/recommendations/index.html]
[www.youtube.com/intl/ALL_ca/howyoutubeworks/our-policies/index.html]
[www.youtube.com/intl/ALL_ca/howyoutubeworks/youtubes-impact/index.html]
[www.youtube.com/intl/fr_ca/howyoutubeworks/ai/index.html]
[www.youtube.com/intl/fr_ca/howyoutubeworks/copyright/index.html]
[www.youtube.com/intl/fr_ca/howyoutubeworks/index.html]
[www.youtube.com/intl/fr_ca/howyoutubeworks/elections/index.html]
[www.youtube.com/intl/fr_ca/howyoutubeworks/creator-economy/index.html]
[www.youtube.com/intl/fr_ca/howyoutubeworks/kids-and-teens/index.html]
[www.youtube.com/intl/fr_ca/howyoutubeworks/learning/index.html]
[www.youtube.com/intl/fr_ca/howyoutubeworks/privacy/index.html]
[www.youtube.com/intl/fr_ca/howyoutubeworks/recommendations/index.html]
[www.youtube.com/intl/fr_ca/howyoutubeworks/news/index.html]
[www.youtube.com/intl/fr_ca/howyoutubeworks/our-policies/index.html]
[www.youtube.com/intl/fr_ca/howyoutubeworks/youtubes-impact/index.html]
[www.youtube.com/intl/en_be/howyoutubeworks/ai/index.html]
[www.youtube.com/intl/en_be/howyoutubeworks/copyright/index.html]
[www.youtube.com/intl/en_be/howyoutubeworks/index.html]
[www.youtube.com/intl/en_be/howyoutubeworks/learning/index.html]
[www.youtube.com/intl/en_be/howyoutubeworks/elections/index.html]
[www.youtube.com/intl/en_be/howyoutubeworks/kids-and-teens/index.html]
[www.youtube.com/intl/en_be/howyoutubeworks/creator-economy/index.html]
[www.youtube.com/intl/en_be/howyoutubeworks/privacy/index.html]
[www.youtube.com/intl/en_be/howyoutubeworks/news/index.html]
[www.youtube.com/intl/en_be/howyoutubeworks/recommendations/index.html]
[www.youtube.com/intl/en_be/howyoutubeworks/our-policies/index.html]
[www.youtube.com/intl/en_be/howyoutubeworks/youtubes-impact/index.html]
[www.youtube.com/intl/ALL_fr/howyoutubeworks/progress-impact/impact/index.html]
[www.youtube.com/intl/ALL_in/howyoutubeworks/progress-impact/impact/index.html]
[www.youtube.com/intl/hi_in/howyoutubeworks/progress-impact/impact/index.html]
[www.youtube.com/intl/ALL_in/howyoutubeworks/youtubes-impact/index.html]
[www.youtube.com/intl/ALL_fr/howyoutubeworks/youtubes-impact/index.html]
[www.youtube.com/intl/hi_in/howyoutubeworks/youtubes-impact/index.html]
[www.youtube.com/howyoutubeworks/kids-and-teens/index.html]
[www.youtube.com/howyoutubeworks/elections/index.html]
[www.youtube.com/howyoutubeworks/creator-economy/index.html]
[www.youtube.com/howyoutubeworks/ai/index.html]
[www.youtube.com/howyoutubeworks/privacy/index.html]
[www.youtube.com/howyoutubeworks/recommendations/index.html]
[www.youtube.com/howyoutubeworks/news/index.html]
[www.youtube.com/howyoutubeworks/learning/index.html]
[www.youtube.com/intl/ALL_id/howyoutubeworks/youtubes-impact/index.html]
[www.youtube.com/intl/ALL_jp/howyoutubeworks/index.html]
[www.youtube.com/intl/ALL_jp/howyoutubeworks/ai/index.html]
[www.youtube.com/intl/ALL_jp/howyoutubeworks/copyright/index.html]
[www.youtube.com/intl/ALL_jp/howyoutubeworks/learning/index.html]
[www.youtube.com/intl/ALL_jp/howyoutubeworks/kids-and-teens/index.html]
[www.youtube.com/intl/ALL_jp/howyoutubeworks/elections/index.html]
[www.youtube.com/intl/ALL_jp/howyoutubeworks/creator-economy/index.html]
[www.youtube.com/intl/ALL_jp/howyoutubeworks/news/index.html]
[www.youtube.com/intl/ALL_jp/howyoutubeworks/privacy/index.html]
[www.youtube.com/intl/ALL_jp/howyoutubeworks/recommendations/index.html]
[www.youtube.com/intl/ALL_jp/howyoutubeworks/our-policies/index.html]
[www.youtube.com/intl/ALL_jp/howyoutubeworks/youtubes-impact/index.html]
[www.youtube.com/intl/ALL_kr/howyoutubeworks/index.html]
[www.youtube.com/intl/ALL_kr/howyoutubeworks/copyright/index.html]
[www.youtube.com/intl/ALL_kr/howyoutubeworks/ai/index.html]
[www.youtube.com/intl/ALL_kr/howyoutubeworks/kids-and-teens/index.html]
[www.youtube.com/intl/ALL_kr/howyoutubeworks/elections/index.html]
[www.youtube.com/intl/ALL_kr/howyoutubeworks/creator-economy/index.html]
[www.youtube.com/intl/ALL_kr/howyoutubeworks/learning/index.html]
[www.youtube.com/intl/ALL_kr/howyoutubeworks/recommendations/index.html]
[www.youtube.com/intl/ALL_kr/howyoutubeworks/privacy/index.html]
[www.youtube.com/intl/ALL_kr/howyoutubeworks/news/index.html]
[www.youtube.com/intl/ALL_kr/howyoutubeworks/our-policies/index.html]
[www.youtube.com/intl/ALL_kr/howyoutubeworks/youtubes-impact/index.html]
[www.youtube.com/intl/ALL_uk/howyoutubeworks/copyright/index.html]
[www.youtube.com/intl/ALL_uk/howyoutubeworks/index.html]
[www.youtube.com/intl/ALL_uk/howyoutubeworks/ai/index.html]
[www.youtube.com/intl/ALL_uk/howyoutubeworks/kids-and-teens/index.html]
[www.youtube.com/intl/ALL_uk/howyoutubeworks/elections/index.html]
[www.youtube.com/intl/ALL_uk/howyoutubeworks/creator-economy/index.html]
[www.youtube.com/intl/ALL_uk/howyoutubeworks/learning/index.html]
[www.youtube.com/intl/ALL_uk/howyoutubeworks/privacy/index.html]
[www.youtube.com/intl/ALL_uk/howyoutubeworks/news/index.html]
[www.youtube.com/intl/ALL_uk/howyoutubeworks/recommendations/index.html]
[www.youtube.com/intl/ALL_uk/howyoutubeworks/our-policies/index.html]
[www.youtube.com/intl/ALL_uk/howyoutubeworks/youtubes-impact/index.html]
[www.youtube.com/intl/en_us/howyoutubeworks/youtubes-impact/index.html]
[www.youtube.com/jobs/static/media/images/home/white-hero-arrow-desktop.svg]
[www.youtube.com/jobs/static/media/images/home/white-hero-arrow-mobile.svg]
[www.youtube.com/jobs/static/media/images/icons/headphones.svg]
[www.youtube.com/trends/static/compiled/index.min043a.css]
[www.youtube.com/trends/articles/rose-bruno-mars-apt/index.html]
[www.youtube.com/trends/articles/super-mario-games-most-viewed/index.html]
[www.youtube.com/trends/articles/super-mario-global-viewership/index.html]
[www.youtube.com/trends/discover/index.html]
[www.youtube.com/trends/records/index.html]
[www.youtube.com/trends/articles/club-shay-shay/index.html]
[www.youtube.com/trends/articles/world-cup-stickers/index.html]
[www.youtube.com/trends/articles/met-gala-trending/index.html]
[www.youtube.com/trends/report/tr26-latam-football-trends-report/index.html]
[www.youtube.com/trends/report/tr25-virtual-creators/index.html]
[www.youtube.com/trends/report/tr26-nfl-trends-report/index.html]
[www.youtube.com/trends/report/tr25-20th-birthday/index.html]
[www.youtube.com/trends/report/index.html]
[www.youtube.com/trends/news/index.html]
[www.youtube.com/trends/about/index.html]
[www.youtube.com/trends/report/tr26-animation-trends-report/index.html]
[www.youtube.com/trends/report/tr25-global-trends-report/index.html]
[www.youtube.com/trends/articles/skibidi-toilet-4-m/index.html]
[www.youtube.com/trends/articles/2025-kings-league-mx/index.html]
[www.youtube.com/trends/report/2022/index.html]
[www.youtube.com/trends/articles/youtube-aesthetics/index.html]
[www.youtube.com/trends/articles/minecraft-1t-future-of-minecraft/index.html]
[www.youtube.com/trends/articles/brandcast-delivered-kevin-allocca-content-trends/index.html]
[www.youtube.com/trends/articles/wnba-annual-viewership/index.html]
[www.youtube.com/trends/static/compiled/index.min976f.js]
[www.youtube.com/trends/articles/cafe-vlogs-explainer-maddy-buxton/index.html]
[www.youtube.com/trends/articles/with-me-interactive/index.html]
[www.youtube.com/trends/articles/speedrunning-community-top-games-treemap/index.html]
[www.youtube.com/trends/articles/tier-list-billion/index.html]
[www.youtube.com/trends/articles/jess-no-limit-50-million/index.html]
[www.youtube.com/trends/report/tr25-next-generation/index.html]
[www.youtube.com/trends/records/index6a4c.html]
[www.youtube.com/trends/records/indexdd87.html]
[www.youtube.com/trends/records/index0553.html]
[www.youtube.com/trends/records/index9c53.html]
[www.youtube.com/trends/contact/index.html]
[www.youtube.com/trends/report/indexa81b.html]
[www.youtube.com/trends/articles/super-mario-100billion-views/index.html]
[www.youtube.com/trends/articles/minecraft-trillion/index.html]
[www.youtube.com/creators/podcasts/index.html]
[www.youtube.com/ads/how-it-works/set-up-a-campaign/youtube-select/index.html]
[www.youtube.com/intl/ALL_de/kids/parent-resources/index.html]
[www.youtube.com/intl/ALL_de/kids/index.html]
[www.youtube.com/kids/static/compiled/index.minbffc.css]
[www.youtube.com/intl/ALL_de/kids/safer-experience/index.html]
[www.youtube.com/intl/ALL_de/kids/fun-everyscreen/index.html]
[www.youtube.com/intl/ALL_de/kids/familyfriendly-videos/index.html]
[www.youtube.com/kids/safer-experience/index.html]
[www.youtube.com/kids/parent-resources/index.html]
[www.youtube.com/kids/familyfriendly-videos/index.html]
[www.youtube.com/kids/fun-everyscreen/index.html]
[www.youtube.com/t/impressum.html]
[www.youtube.com/go/family/index.html]
[www.youtube.com/creators/research/index.html]
[www.youtube.com/watchbf03.html]
[www.youtube.com/watch2cdf.html]
[www.youtube.com/watch7348.html]
[www.youtube.com/watchd7be.html]
[www.youtube.com/s/player/8456c9de/www-player.css]
[www.youtube.com/s/desktop/40cd5ddc/cssbin/www-main-desktop-player-skeleton.css]
[www.youtube.com/s/_/ytmainappweb/_/ss/k=ytmainappweb.kevlar_base.whc3qmTGT1w.L.X.O/am=AAAAgAAEggk/d=0/rs=AGKMywFIYsCneEKpFvD9X6P_vwy8kR3Klg.css]
[www.youtube.com/undefined.html]
[www.youtube.com/join/index.html]
[www.youtube.com/join/static/compiled/index.minbeb0.css]
[www.youtube.com/s/_/ytmainappweb/_/ss/k=ytmainappweb.kevlar_base.whc3qmTGT1w.L.X.O/am=AAAAAAIEggk/d=0/rs=AGKMywHpPwyx6fxOgiaqrs3w7ZbWmrj9mA.css]
[www.youtube.com/s/_/ytmainappweb/_/ss/k=ytmainappweb.kevlar_base.whc3qmTGT1w.L.X.O/am=AAAAgAACgg8/d=0/rs=AGKMywF4eM-Fi5Kb0KLOW-sFLD2ydSI4BA.css]
[www.youtube.com/watch83b1.html]
[www.youtube.com/s/_/ytmainappweb/_/ss/k=ytmainappweb.kevlar_base.whc3qmTGT1w.L.X.O/am=AAAAIAAEggk/d=0/rs=AGKMywFWTGF2qzzI2-Df4QQ_p34YXscK3w.css]
[www.youtube.com/s/_/ytmainappweb/_/ss/k=ytmainappweb.kevlar_base.whc3qmTGT1w.L.X.O/am=AAAAAAICgg8/d=0/rs=AGKMywGvjgycWuUXW4UfINvhK1wCPZmrew.css]
[www.youtube.com/s/_/ytmainappweb/_/ss/k=ytmainappweb.kevlar_base.whc3qmTGT1w.L.X.O/am=AAAAAAECggk/d=0/rs=AGKMywGsUKvUhwRRMGyUptAyI7VCHF3c5A.css]
[www.youtube.com/s/_/ytmainappweb/_/ss/k=ytmainappweb.kevlar_base.whc3qmTGT1w.L.X.O/am=AAAAEAAEggk/d=0/rs=AGKMywGwrueQPqilxTvB9ShbOmcHBZkePQ.css]
[www.youtube.com/s/_/ytmainappweb/_/ss/k=ytmainappweb.kevlar_base.whc3qmTGT1w.L.X.O/am=AAAACAAEggk/d=0/rs=AGKMywH-XMEYr9ER2cFBVQ2yV_dhfFesog.css]
[www.youtube.com/s/_/ytmainappweb/_/ss/k=ytmainappweb.kevlar_base.whc3qmTGT1w.L.X.O/am=AAAAAgACggk/d=0/rs=AGKMywHFpcac69QJp3GIj-4hmg_lVSk13A.css]
[www.youtube.com/s/_/ytmainappweb/_/ss/k=ytmainappweb.kevlar_base.whc3qmTGT1w.L.X.O/am=AAAAAAICggk/d=0/rs=AGKMywGIrYipRusNMOKOSgp042ZSpg6yuw.css]
[www.youtube.com/s/_/ytmainappweb/_/js/k=ytmainappweb.kevlar_base.en_US.d5Q_Sh18DeQ.es5.O/am=AAAABAAAAgk/d=1/rs=AGKMywFvWXpx81zTXsp1l2R6z_21xNO4rA/m=kevlar_base_module,kevlar_main_module]
[www.youtube.com/watch4d4a.html]
[www.youtube.com/watch3088.html]
[www.youtube.com/howyoutubeworks/product-features/live/index.html]
[www.youtube.com/watch2567.html]
[www.youtube.com/watcha7fb.html]
[www.youtube.com/creators/safety/index.html]
[www.youtube.com/s/_/ytmainappweb/_/ss/k=ytmainappweb.kevlar_base.whc3qmTGT1w.L.X.O/am=AAAAAgAEggk/d=0/rs=AGKMywHjZdMx5hSJVkioPWoCi_kF3rgLZw.css]
[www.youtube.com/s/_/ytmainappweb/_/ss/k=ytmainappweb.kevlar_base.whc3qmTGT1w.L.X.O/am=AAAACAACggk/d=0/rs=AGKMywGZkfgs-6q6krb6RVnL-C0ghCoXYQ.css]
[www.youtube.com/intl/en_us/creators/index.html]
[www.youtube.com/intl/en_us/creators/welcome-creators/index.html]
[www.youtube.com/intl/en_us/creators/partner-program/index.html]
[www.youtube.com/intl/en_us/creators/how-things-work/getting-started/index.html]
[www.youtube.com/intl/en_us/creators/how-things-work/building-community/index.html]
[www.youtube.com/intl/en_us/creators/how-things-work/video-monetization/index.html]
[www.youtube.com/intl/en_us/creators/how-things-work/content-creation-strategy/index.html]
[www.youtube.com/intl/en_us/creators/how-things-work/policies-guidelines/index.html]
[www.youtube.com/intl/en_us/creators/how-things-work/get-involved/index.html]
[www.youtube.com/intl/en_us/creators/top-questions/index.html]
[www.youtube.com/intl/en_us/creators/shorts/index.html]
[www.youtube.com/intl/en_us/creators/partner-program/shopping/index.html]
[www.youtube.com/s/player/8456c9de/player_ias_tce.vflset/en_US/base.js]
[www.youtube.com/watch7998.html]
[www.youtube.com/s/_/ytembeds/_/ss/k=ytembeds.base.aM7ttff6DNQ.L.X.O/am=AAAABA/d=0/rs=AGKMywG4q8DQ4ghmNp7-04y7OH10Va4qAQ.css]
[www.youtube.com/img/meh7.html]
[www.youtube.com/watch177f.html]
[www.youtube.com/watcha92c.html]
[www.youtube.com/watch73c6.html]
[www.youtube.com/watch2c35.html]
[www.youtube.com/s/_/ytmainappweb/_/js/k=ytmainappweb.kevlar_base.en_US.d5Q_Sh18DeQ.es5.O/am=AAAAIAAAAg0/d=1/rs=AGKMywEIu8PJv7-ah5urtN6Ox9JZPw0kIQ/m=kevlar_base_module,kevlar_main_module]
[www.youtube.com/watch9abc.html]
[www.youtube.com/watchfffd.html]
[www.youtube.com/s/_/ytmainappweb/_/js/k=ytmainappweb.kevlar_base.en_US.d5Q_Sh18DeQ.es5.O/am=AAAABAAAAg0/d=1/rs=AGKMywEJxenpGJaSqWjGUTJuImCqbso6ww/m=kevlar_base_module,kevlar_main_module]
[www.youtube.com/watch9f56.html]
[www.youtube.com/watch47bf.html]
[www.youtube.com/watch2acd.html]
[www.youtube.com/t/terms_paidservicebabb.html]
[www.youtube.com/t/terms_paidservicea132.html]
[www.youtube.com/t/terms_paidservice4a45.html]
[www.youtube.com/t/terms_dataprocessingda97.html]
[www.youtube.com/t/terms742d.html]
[www.youtube.com/howyoutubeworks/static/compiled/css/ai-and-creators.index.mine907.css]
[www.youtube.com/howyoutubeworks/static/compiled/css/youth-principles.index.min3394.css]
[www.youtube.com/howyoutubeworks/static/compiled/css/advisory-committee.index.mine907.css]
[www.youtube.com/intl/ALL_au/howyoutubeworks/index.html]
[www.youtube.com/intl/ALL_au/howyoutubeworks/ai/index.html]
[www.youtube.com/intl/ALL_au/howyoutubeworks/copyright/index.html]
[www.youtube.com/intl/ALL_au/howyoutubeworks/creator-economy/index.html]
[www.youtube.com/intl/ALL_au/howyoutubeworks/elections/index.html]
[www.youtube.com/intl/ALL_au/howyoutubeworks/kids-and-teens/index.html]
[www.youtube.com/t/termse74a.html]
[www.youtube.com/intl/ALL_au/howyoutubeworks/kids-and-teens/youth-principles/index.html]
[www.youtube.com/intl/ALL_au/howyoutubeworks/learning/index.html]
[www.youtube.com/intl/ALL_au/howyoutubeworks/news/index.html]
[www.youtube.com/intl/ALL_au/howyoutubeworks/privacy/index.html]
[www.youtube.com/intl/ALL_au/howyoutubeworks/recommendations/index.html]
[www.youtube.com/intl/ALL_au/howyoutubeworks/our-policies/index.html]
[www.youtube.com/intl/ALL_au/howyoutubeworks/ai/empowering-creators/index.html]
[www.youtube.com/intl/ALL_br/howyoutubeworks/index.html]
[www.youtube.com/intl/ALL_au/howyoutubeworks/kids-and-teens/advisory-committee/index.html]
[www.youtube.com/intl/ALL_br/howyoutubeworks/copyright/index.html]
[www.youtube.com/intl/ALL_br/howyoutubeworks/creator-economy/index.html]
[www.youtube.com/intl/ALL_br/howyoutubeworks/ai/index.html]
[www.youtube.com/intl/ALL_br/howyoutubeworks/elections/index.html]
[www.youtube.com/intl/ALL_br/howyoutubeworks/learning/index.html]
[www.youtube.com/intl/ALL_br/howyoutubeworks/kids-and-teens/index.html]
[www.youtube.com/intl/ALL_br/howyoutubeworks/news/index.html]
[www.youtube.com/intl/ALL_br/howyoutubeworks/our-policies/index.html]
[www.youtube.com/intl/ALL_br/howyoutubeworks/privacy/index.html]
[www.youtube.com/intl/ALL_br/howyoutubeworks/recommendations/index.html]
[www.youtube.com/intl/ALL_br/howyoutubeworks/youtubes-impact/index.html]
[www.youtube.com/intl/ALL_ca/howyoutubeworks/index.html]
[www.youtube.com/intl/ALL_ca/howyoutubeworks/ai/index.html]
[www.youtube.com/intl/ALL_ca/howyoutubeworks/copyright/index.html]
[www.youtube.com/intl/ALL_ca/howyoutubeworks/creator-economy/index.html]
[www.youtube.com/intl/ALL_ca/howyoutubeworks/elections/index.html]
[www.youtube.com/intl/ALL_ca/howyoutubeworks/kids-and-teens/index.html]
[www.youtube.com/intl/ALL_ca/howyoutubeworks/learning/index.html]
[www.youtube.com/intl/ALL_ca/howyoutubeworks/news/index.html]
[www.youtube.com/intl/ALL_ca/howyoutubeworks/privacy/index.html]
[www.youtube.com/intl/ALL_ca/howyoutubeworks/recommendations/index.html]
[www.youtube.com/intl/ALL_ca/howyoutubeworks/our-policies/index.html]
[www.youtube.com/intl/fr_ca/howyoutubeworks/index.html]
[www.youtube.com/intl/fr_ca/howyoutubeworks/ai/index.html]
[www.youtube.com/intl/fr_ca/howyoutubeworks/copyright/index.html]
[www.youtube.com/intl/fr_ca/howyoutubeworks/creator-economy/index.html]
[www.youtube.com/intl/ALL_ca/howyoutubeworks/ai/empowering-creators/index.html]
[www.youtube.com/intl/ALL_ca/howyoutubeworks/kids-and-teens/youth-principles/index.html]
[www.youtube.com/intl/fr_ca/howyoutubeworks/elections/index.html]
[www.youtube.com/intl/fr_ca/howyoutubeworks/kids-and-teens/index.html]
[www.youtube.com/intl/fr_ca/howyoutubeworks/learning/index.html]
[www.youtube.com/intl/fr_ca/howyoutubeworks/news/index.html]
[www.youtube.com/intl/fr_ca/howyoutubeworks/privacy/index.html]
[www.youtube.com/intl/fr_ca/howyoutubeworks/recommendations/index.html]
[www.youtube.com/intl/fr_ca/howyoutubeworks/our-policies/index.html]
[www.youtube.com/intl/en_be/howyoutubeworks/index.html]
[www.youtube.com/intl/fr_ca/howyoutubeworks/ai/empowering-creators/index.html]
[www.youtube.com/intl/en_be/howyoutubeworks/ai/index.html]
[www.youtube.com/intl/en_be/howyoutubeworks/copyright/index.html]
[www.youtube.com/intl/en_be/howyoutubeworks/creator-economy/index.html]
[www.youtube.com/intl/en_be/howyoutubeworks/elections/index.html]
[www.youtube.com/intl/en_be/howyoutubeworks/kids-and-teens/index.html]
[www.youtube.com/intl/en_be/howyoutubeworks/ai/empowering-creators/index.html]
[www.youtube.com/intl/fr_ca/howyoutubeworks/kids-and-teens/youth-principles/index.html]
[www.youtube.com/intl/en_be/howyoutubeworks/learning/index.html]
[www.youtube.com/intl/en_be/howyoutubeworks/news/index.html]
[www.youtube.com/intl/en_be/howyoutubeworks/privacy/index.html]
[www.youtube.com/intl/en_be/howyoutubeworks/recommendations/index.html]
[www.youtube.com/intl/en_be/howyoutubeworks/our-policies/index.html]
[www.youtube.com/intl/en_be/howyoutubeworks/kids-and-teens/youth-principles/index.html]
[www.youtube.com/intl/fr_ca/howyoutubeworks/kids-and-teens/advisory-committee/index.html]
[www.youtube.com/intl/en_be/howyoutubeworks/kids-and-teens/advisory-committee/index.html]
[www.youtube.com/intl/ALL_fr/howyoutubeworks/youtubes-impact/index.html]
[www.youtube.com/intl/ALL_in/howyoutubeworks/youtubes-impact/index.html]
[www.youtube.com/intl/hi_in/howyoutubeworks/youtubes-impact/index.html]
[www.youtube.com/howyoutubeworks/ai/index.html]
[www.youtube.com/howyoutubeworks/creator-economy/index.html]
[www.youtube.com/howyoutubeworks/elections/index.html]
[www.youtube.com/howyoutubeworks/kids-and-teens/index.html]
[www.youtube.com/howyoutubeworks/learning/index.html]
[www.youtube.com/howyoutubeworks/news/index.html]
[www.youtube.com/howyoutubeworks/privacy/index.html]
[www.youtube.com/howyoutubeworks/recommendations/index.html]
[www.youtube.com/intl/ALL_jp/howyoutubeworks/index.html]
[www.youtube.com/intl/ALL_jp/howyoutubeworks/ai/index.html]
[www.youtube.com/intl/ALL_jp/howyoutubeworks/copyright/index.html]
[www.youtube.com/intl/ALL_jp/howyoutubeworks/creator-economy/index.html]
[www.youtube.com/intl/ALL_jp/howyoutubeworks/ai/empowering-creators/index.html]
[www.youtube.com/intl/ALL_jp/howyoutubeworks/elections/index.html]
[www.youtube.com/intl/ALL_jp/howyoutubeworks/kids-and-teens/index.html]
[www.youtube.com/intl/ALL_jp/howyoutubeworks/learning/index.html]
[www.youtube.com/intl/ALL_jp/howyoutubeworks/news/index.html]
[www.youtube.com/intl/ALL_jp/howyoutubeworks/privacy/index.html]
[www.youtube.com/intl/ALL_jp/howyoutubeworks/recommendations/index.html]
[www.youtube.com/intl/ALL_jp/howyoutubeworks/our-policies/index.html]
[www.youtube.com/intl/ALL_kr/howyoutubeworks/index.html]
[www.youtube.com/intl/ALL_kr/howyoutubeworks/ai/index.html]
[www.youtube.com/intl/ALL_kr/howyoutubeworks/copyright/index.html]
[www.youtube.com/intl/ALL_kr/howyoutubeworks/creator-economy/index.html]
[www.youtube.com/intl/ALL_kr/howyoutubeworks/elections/index.html]
[www.youtube.com/intl/ALL_kr/howyoutubeworks/kids-and-teens/index.html]
[www.youtube.com/intl/ALL_jp/howyoutubeworks/kids-and-teens/youth-principles/index.html]
[www.youtube.com/intl/ALL_kr/howyoutubeworks/ai/empowering-creators/index.html]
[www.youtube.com/intl/ALL_kr/howyoutubeworks/learning/index.html]
[www.youtube.com/intl/ALL_kr/howyoutubeworks/news/index.html]
[www.youtube.com/intl/ALL_kr/howyoutubeworks/privacy/index.html]
[www.youtube.com/intl/ALL_kr/howyoutubeworks/recommendations/index.html]
[www.youtube.com/intl/ALL_kr/howyoutubeworks/our-policies/index.html]
[www.youtube.com/intl/ALL_uk/howyoutubeworks/index.html]
[www.youtube.com/intl/ALL_kr/howyoutubeworks/kids-and-teens/youth-principles/index.html]
[www.youtube.com/intl/ALL_uk/howyoutubeworks/ai/index.html]
[www.youtube.com/intl/ALL_uk/howyoutubeworks/copyright/index.html]
[www.youtube.com/intl/ALL_uk/howyoutubeworks/creator-economy/index.html]
[www.youtube.com/intl/ALL_uk/howyoutubeworks/elections/index.html]
[www.youtube.com/intl/ALL_uk/howyoutubeworks/kids-and-teens/index.html]
[www.youtube.com/intl/ALL_uk/howyoutubeworks/ai/empowering-creators/index.html]
[www.youtube.com/intl/ALL_uk/howyoutubeworks/kids-and-teens/youth-principles/index.html]
[www.youtube.com/intl/ALL_uk/howyoutubeworks/learning/index.html]
[www.youtube.com/intl/ALL_uk/howyoutubeworks/news/index.html]
[www.youtube.com/intl/ALL_uk/howyoutubeworks/privacy/index.html]
[www.youtube.com/intl/ALL_uk/howyoutubeworks/recommendations/index.html]
[www.youtube.com/intl/ALL_uk/howyoutubeworks/our-policies/index.html]
[www.youtube.com/intl/en_be/howyoutubeworks/progress-impact/impact/index.html]
[www.youtube.com/intl/ALL_kr/howyoutubeworks/progress-impact/impact/index.html]
[www.youtube.com/intl/ALL_uk/howyoutubeworks/kids-and-teens/advisory-committee/index.html]
[www.youtube.com/trends/articles/coming-out-videos-nikkietutorials/index.html]
[www.youtube.com/trends/articles/super-mario-global-viewership/index.html]
[www.youtube.com/intl/ALL_kr/howyoutubeworks/kids-and-teens/advisory-committee/index.html]
[www.youtube.com/intl/ALL_jp/howyoutubeworks/kids-and-teens/advisory-committee/index.html]
[www.youtube.com/trends/articles/elden-ring-launch-story/index.html]
[www.youtube.com/trends/articles/super-mario-games-most-viewed/index.html]
[www.youtube.com/trends/articles/-like-and-describe-podcast-vtubers/index.html]
[www.youtube.com/trends/articles/spc-foundation-youtube-trends/index.html]
[www.youtube.com/trends/articles/rose-bruno-mars-apt/index.html]
[www.youtube.com/trends/articles/club-shay-shay/index.html]
[www.youtube.com/trends/articles/2020-youtube-gaming-stats/index.html]
[www.youtube.com/trends/articles/world-cup-stickers/index.html]
[www.youtube.com/trends/articles/stay-home-workout-at-home/index.html]
[www.youtube.com/trends/articles/the-dream-smp-modern-epic/index.html]
[www.youtube.com/trends/articles/met-gala-trending/index.html]
[www.youtube.com/trends/articles/garena-free-fire-five-fast-facts/index.html]
[www.youtube.com/trends/articles/minecraft-1t-cultural-expression/index.html]
[www.youtube.com/trends/report/tr26-latam-football-trends-report/index.html]
[www.youtube.com/trends/report/tr26-nfl-trends-report/index.html]
[www.youtube.com/trends/report/tr25-20th-birthday/index.html]
[www.youtube.com/trends/report/tr25-virtual-creators/index.html]
[www.youtube.com/trends/articles/hey-guys/index.html]
[www.youtube.com/trends/static/compiled/report.min.js]
[www.youtube.com/trends/report/2022/index.html]
[www.youtube.com/trends/articles/youtube-aesthetics/index.html]
[www.youtube.com/trends/static/compiled/aesthetics.mina61c.js]
[www.youtube.com/trends/articles/among-us-september/index.html]
[www.youtube.com/embed/LKxewamUrIc390b.html]
[www.youtube.com/watcha152.html]
[www.youtube.com/results09d5.html]
[www.youtube.com/watcha5cb.html]
[www.youtube.com/trends/articles/brandcast-delivered-kevin-allocca-content-trends/index.html]
[www.youtube.com/trends/articles/team-trees-plants-20-million-trees/index.html]
[www.youtube.com/trends/articles/technoblade-never-dies-video/index.html]
[www.youtube.com/trends/articles/rust-and-egoland/index.html]
[www.youtube.com/watch7acb.html]
[www.youtube.com/watchf125.html]
[www.youtube.com/watch58f2.html]
[www.youtube.com/trends/articles/minecraft-1t-future-of-minecraft/index.html]
[www.youtube.com/trends/articles/with-me-interactive/index.html]
[www.youtube.com/trends/articles/cafe-vlogs-explainer-maddy-buxton/index.html]
[www.youtube.com/trends/report/indexa81b.html]
[www.youtube.com/trends/articles/minecraft-trillion/index.html]
[www.youtube.com/trends/articles/super-mario-100billion-views/index.html]
[www.youtube.com/intl/ALL_de/kids/safer-experience/index.html]
[www.youtube.com/intl/ALL_de/kids/parent-resources/index.html]
[www.youtube.com/intl/ALL_de/kids/familyfriendly-videos/index.html]
[www.youtube.com/intl/ALL_de/kids/fun-everyscreen/index.html]
[www.youtube.com/s/_/ytmainappweb/_/ss/k=ytmainappweb.kevlar_base.whc3qmTGT1w.L.X.O/am=AAAAgAACggk/d=0/rs=AGKMywE92k8LqiXAzZmKAyJyBIs27lzkYQ.css]
[www.youtube.com/s/_/ytmainappweb/_/ss/k=ytmainappweb.kevlar_base.whc3qmTGT1w.L.X.O/am=AAAAAQACggk/d=0/rs=AGKMywEsG9AwAmhU9lfA1wD18gPWIjiIdQ.css]
[www.youtube.com/s/_/ytmainappweb/_/ss/k=ytmainappweb.kevlar_base.whc3qmTGT1w.L.X.O/am=AAAABAAEggk/d=0/rs=AGKMywGq6sAAbTJLdv9IVYAufej0P_DecA.css]
[www.youtube.com/intl/en_us/creators/partner-program/shopping/index.html]
[www.youtube.com/intl/en_us/creators/why-be-a-creator/index.html]
[www.youtube.com/intl/en_us/creators/shorts/index.html]
[www.youtube.com/s/_/ytmainappweb/_/ss/k=ytmainappweb.kevlar_base.whc3qmTGT1w.L.X.O/am=AAAAEAACggk/d=0/rs=AGKMywEjWonmEGVh7rrivgKVU-fd27XpIw.css]
[www.youtube.com/s/_/ytmainappweb/_/ss/k=ytmainappweb.kevlar_base.whc3qmTGT1w.L.X.O/am=AAAAIAAEgg8/d=0/rs=AGKMywHxIgtLWQCNbWvyqtrPh1GAMIOHsA.css]
[www.youtube.com/s/_/ytmainappweb/_/ss/k=ytmainappweb.kevlar_base.whc3qmTGT1w.L.X.O/am=AAAABAAEgg8/d=0/rs=AGKMywEahdLqa7DPtQig2yplV91doO4q9Q.css]
[www.youtube.com/t/terms_paidservicebabb.html]
[www.youtube.com/t/termse74a.html]
[www.youtube.com/intl/ALL_au/howyoutubeworks/ai/empowering-creators/index.html]
[www.youtube.com/intl/ALL_au/howyoutubeworks/kids-and-teens/youth-principles/index.html]
[www.youtube.com/howyoutubeworks/our-commitments/fostering-child-safety/advisory-committee/index.html]
[www.youtube.com/intl/ALL_au/howyoutubeworks/kids-and-teens/advisory-committee/index.html]
[www.youtube.com/intl/ALL_br/howyoutubeworks/index.html]
[www.youtube.com/intl/ALL_br/howyoutubeworks/ai/index.html]
[www.youtube.com/intl/ALL_br/howyoutubeworks/copyright/index.html]
[www.youtube.com/intl/ALL_br/howyoutubeworks/creator-economy/index.html]
[www.youtube.com/intl/ALL_br/howyoutubeworks/elections/index.html]
[www.youtube.com/intl/ALL_br/howyoutubeworks/kids-and-teens/index.html]
[www.youtube.com/intl/ALL_br/howyoutubeworks/learning/index.html]
[www.youtube.com/intl/ALL_br/howyoutubeworks/news/index.html]
[www.youtube.com/intl/ALL_br/howyoutubeworks/privacy/index.html]
[www.youtube.com/intl/ALL_br/howyoutubeworks/recommendations/index.html]
[www.youtube.com/intl/ALL_br/howyoutubeworks/our-policies/index.html]
[www.youtube.com/intl/ALL_ca/howyoutubeworks/ai/empowering-creators/index.html]
[www.youtube.com/intl/ALL_ca/howyoutubeworks/kids-and-teens/youth-principles/index.html]
[www.youtube.com/intl/fr_ca/howyoutubeworks/ai/empowering-creators/index.html]
[www.youtube.com/intl/fr_ca/howyoutubeworks/kids-and-teens/youth-principles/index.html]
[www.youtube.com/intl/fr_ca/howyoutubeworks/kids-and-teens/advisory-committee/index.html]
[www.youtube.com/intl/en_be/howyoutubeworks/ai/empowering-creators/index.html]
[www.youtube.com/intl/en_be/howyoutubeworks/kids-and-teens/youth-principles/index.html]
[www.youtube.com/intl/en_be/howyoutubeworks/kids-and-teens/advisory-committee/index.html]
[www.youtube.com/intl/ALL_ca/howyoutubeworks/progress-impact/impact/index.html]
[www.youtube.com/intl/fr_ca/howyoutubeworks/progress-impact/impact/index.html]
[www.youtube.com/intl/ALL_de/howyoutubeworks/progress-impact/impact/index.html]
[www.youtube.com/intl/ALL_jp/howyoutubeworks/progress-impact/impact/index.html]
[www.youtube.com/intl/ALL_uk/howyoutubeworks/progress-impact/impact/index.html]
[www.youtube.com/intl/ALL_id/howyoutubeworks/progress-impact/impact/index.html]
[www.youtube.com/intl/ALL_jp/howyoutubeworks/ai/empowering-creators/index.html]
[www.youtube.com/intl/ALL_jp/howyoutubeworks/kids-and-teens/youth-principles/index.html]
[www.youtube.com/intl/ALL_jp/howyoutubeworks/kids-and-teens/advisory-committee/index.html]
[www.youtube.com/intl/ALL_kr/howyoutubeworks/ai/empowering-creators/index.html]
[www.youtube.com/intl/ALL_kr/howyoutubeworks/kids-and-teens/youth-principles/index.html]
[www.youtube.com/intl/ALL_kr/howyoutubeworks/kids-and-teens/advisory-committee/index.html]
[www.youtube.com/intl/ALL_uk/howyoutubeworks/ai/empowering-creators/index.html]
[www.youtube.com/intl/ALL_uk/howyoutubeworks/kids-and-teens/youth-principles/index.html]
[www.youtube.com/intl/ALL_uk/howyoutubeworks/kids-and-teens/advisory-committee/index.html]
[www.youtube.com/trends/articles/coming-out-videos-nikkietutorials/index.html]
[www.youtube.com/trends/articles/elden-ring-launch-story/index.html]
[www.youtube.com/trends/articles/-like-and-describe-podcast-vtubers/index.html]
[www.youtube.com/trends/articles/2020-youtube-gaming-stats/index.html]
[www.youtube.com/trends/articles/spc-foundation-youtube-trends/index.html]
[www.youtube.com/trends/articles/the-dream-smp-modern-epic/index.html]
[www.youtube.com/trends/articles/stay-home-workout-at-home/index.html]
[www.youtube.com/trends/articles/garena-free-fire-five-fast-facts/index.html]
[www.youtube.com/trends/articles/minecraft-1t-cultural-expression/index.html]
[www.youtube.com/trends/articles/hey-guys/index.html]
[www.youtube.com/trends/static/compiled/index.minefec.css]
[www.youtube.com/trends/static/compiled/report.min.css]
[www.youtube.com/trends/static/compiled/aesthetics.min87c5.css]
[www.youtube.com/watcha152.html]
[www.youtube.com/results09d5.html]
[www.youtube.com/trends/articles/among-us-september/index.html]
[www.youtube.com/embed/LKxewamUrIc390b.html]
[www.youtube.com/watcha5cb.html]
[www.youtube.com/trends/articles/team-trees-plants-20-million-trees/index.html]
[www.youtube.com/trends/articles/rust-and-egoland/index.html]
[www.youtube.com/trends/articles/technoblade-never-dies-video/index.html]
[www.youtube.com/watchf125.html]
[www.youtube.com/watch7acb.html]
[www.youtube.com/watch58f2.html]
[www.youtube.com/watchaa7e.html]
[www.youtube.com/watchaa7e.html]
